Archive member included because of file (symbol)

/home/reviewer/src/apps/app-rsa-alpaca-new/ext/libmspbuiltins/bld/gcc/libmspbuiltins.a(builtins.o)
                              /tmp/cceZqRy1.o (__mulhi3hw_noint)
/home/reviewer/src/apps/app-rsa-alpaca-new/ext/libmspprintf/bld/gcc/libmspprintf.a(printf.o)
                              /tmp/cceZqRy1.o (printf)
/home/reviewer/src/apps/app-rsa-alpaca-new/ext/libedb/bld/gcc/libedb.a(edb.o)
                              /tmp/cceZqRy1.o (request_non_interactive_debug_mode)
/home/reviewer/src/apps/app-rsa-alpaca-new/ext/libedb/bld/gcc/libedb.a(io.o)
                              /home/reviewer/src/apps/app-rsa-alpaca-new/ext/libmspprintf/bld/gcc/libmspprintf.a(printf.o) (io_putchar)
/home/reviewer/src/apps/app-rsa-alpaca-new/ext/libwispbase/bld/gcc/libwispbase.a(uart.o)
                              /home/reviewer/src/apps/app-rsa-alpaca-new/ext/libedb/bld/gcc/libedb.a(edb.o) (UART_init)
/opt/ti/mspgcc/bin/../lib/gcc/msp430-elf/4.9.1/libgcc.a(slli.o)
                              /home/reviewer/src/apps/app-rsa-alpaca-new/ext/libedb/bld/gcc/libedb.a(edb.o) (__mspabi_slli)
/opt/ti/mspgcc/bin/../lib/gcc/msp430-elf/4.9.1/libgcc.a(srai.o)
                              /home/reviewer/src/apps/app-rsa-alpaca-new/ext/libedb/bld/gcc/libedb.a(edb.o) (__mspabi_srai)
/opt/ti/mspgcc/bin/../lib/gcc/msp430-elf/4.9.1/../../../../msp430-elf/lib/libcrt.a(crt_bss.o)
                              /opt/ti/mspgcc/bin/../lib/gcc/msp430-elf/4.9.1/crtbegin.o (__crt0_init_bss)
/opt/ti/mspgcc/bin/../lib/gcc/msp430-elf/4.9.1/../../../../msp430-elf/lib/libcrt.a(crt_movedata.o)
                              /opt/ti/mspgcc/bin/../lib/gcc/msp430-elf/4.9.1/crtbegin.o (__crt0_movedata)
/opt/ti/mspgcc/bin/../lib/gcc/msp430-elf/4.9.1/../../../../msp430-elf/lib/libcrt.a(crt_main.o)
                              /opt/ti/mspgcc/bin/../lib/gcc/msp430-elf/4.9.1/../../../../msp430-elf/lib/crt0.o (__crt0_call_init_then_main)
/opt/ti/mspgcc/bin/../lib/gcc/msp430-elf/4.9.1/../../../../msp430-elf/lib/libc.a(lib_a-memmove.o)
                              /opt/ti/mspgcc/bin/../lib/gcc/msp430-elf/4.9.1/../../../../msp430-elf/lib/libcrt.a(crt_movedata.o) (memmove)
/opt/ti/mspgcc/bin/../lib/gcc/msp430-elf/4.9.1/../../../../msp430-elf/lib/libc.a(lib_a-memset.o)
                              /opt/ti/mspgcc/bin/../lib/gcc/msp430-elf/4.9.1/../../../../msp430-elf/lib/libcrt.a(crt_bss.o) (memset)

Discarded input sections

 .note.GNU-stack
                0x00000000        0x0 /tmp/cceZqRy1.o

Memory Configuration

Name             Origin             Length             Attributes
SFR              0x00000000         0x00000010
PERIPHERAL_8BIT  0x00000010         0x000000f0
PERIPHERAL_16BIT 0x00000100         0x00000100
RAM              0x00001c00         0x00000800
INFOMEM          0x00001800         0x00000200
INFOA            0x00001980         0x00000080
INFOB            0x00001900         0x00000080
INFOC            0x00001880         0x00000080
INFOD            0x00001800         0x00000080
ROM              0x00004400         0x0000bb80         xr
VECT1            0x0000ff90         0x00000002
VECT2            0x0000ff92         0x00000002
VECT3            0x0000ff94         0x00000002
VECT4            0x0000ff96         0x00000002
VECT5            0x0000ff98         0x00000002
VECT6            0x0000ff9a         0x00000002
VECT7            0x0000ff9c         0x00000002
VECT8            0x0000ff9e         0x00000002
VECT9            0x0000ffa0         0x00000002
VECT10           0x0000ffa2         0x00000002
VECT11           0x0000ffa4         0x00000002
VECT12           0x0000ffa6         0x00000002
VECT13           0x0000ffa8         0x00000002
VECT14           0x0000ffaa         0x00000002
VECT15           0x0000ffac         0x00000002
VECT16           0x0000ffae         0x00000002
VECT17           0x0000ffb0         0x00000002
VECT18           0x0000ffb2         0x00000002
VECT19           0x0000ffb4         0x00000002
VECT20           0x0000ffb6         0x00000002
VECT21           0x0000ffb8         0x00000002
VECT22           0x0000ffba         0x00000002
VECT23           0x0000ffbc         0x00000002
VECT24           0x0000ffbe         0x00000002
VECT25           0x0000ffc0         0x00000002
VECT26           0x0000ffc2         0x00000002
VECT27           0x0000ffc4         0x00000002
VECT28           0x0000ffc6         0x00000002
VECT29           0x0000ffc8         0x00000002
VECT30           0x0000ffca         0x00000002
VECT31           0x0000ffcc         0x00000002
VECT32           0x0000ffce         0x00000002
VECT33           0x0000ffd0         0x00000002
VECT34           0x0000ffd2         0x00000002
VECT35           0x0000ffd4         0x00000002
VECT36           0x0000ffd6         0x00000002
VECT37           0x0000ffd8         0x00000002
VECT38           0x0000ffda         0x00000002
VECT39           0x0000ffdc         0x00000002
VECT40           0x0000ffde         0x00000002
VECT41           0x0000ffe0         0x00000002
VECT42           0x0000ffe2         0x00000002
VECT43           0x0000ffe4         0x00000002
VECT44           0x0000ffe6         0x00000002
VECT45           0x0000ffe8         0x00000002
VECT46           0x0000ffea         0x00000002
VECT47           0x0000ffec         0x00000002
VECT48           0x0000ffee         0x00000002
VECT49           0x0000fff0         0x00000002
VECT50           0x0000fff2         0x00000002
VECT51           0x0000fff4         0x00000002
VECT52           0x0000fff6         0x00000002
VECT53           0x0000fff8         0x00000002
VECT54           0x0000fffa         0x00000002
VECT55           0x0000fffc         0x00000002
RESETVEC         0x0000fffe         0x00000002
BSL              0x00001000         0x00000800
HIFRAM           0x00010000         0x00003fff         xrw
*default*        0x00000000         0xffffffff

Linker script and memory map

LOAD /opt/ti/mspgcc/bin/../lib/gcc/msp430-elf/4.9.1/../../../../msp430-elf/lib/crt0.o
LOAD /opt/ti/mspgcc/bin/../lib/gcc/msp430-elf/4.9.1/crtbegin.o
LOAD /tmp/cceZqRy1.o
LOAD /home/reviewer/src/apps/app-rsa-alpaca-new/ext/libmspbuiltins/bld/gcc/libmspbuiltins.a
LOAD /home/reviewer/src/apps/app-rsa-alpaca-new/ext/libmspprintf/bld/gcc/libmspprintf.a
LOAD /home/reviewer/src/apps/app-rsa-alpaca-new/ext/libedb/bld/gcc/libedb.a
LOAD /home/reviewer/src/apps/app-rsa-alpaca-new/ext/libwispbase/bld/gcc/libwispbase.a
LOAD /opt/ti/mspgcc/bin/../lib/gcc/msp430-elf/4.9.1/libgcc.a
START GROUP
LOAD /opt/ti/mspgcc/bin/../lib/gcc/msp430-elf/4.9.1/../../../../msp430-elf/lib/libc.a
LOAD /opt/ti/mspgcc/bin/../lib/gcc/msp430-elf/4.9.1/libgcc.a
LOAD /opt/ti/mspgcc/bin/../lib/gcc/msp430-elf/4.9.1/../../../../msp430-elf/lib/libcrt.a
LOAD /opt/ti/mspgcc/bin/../lib/gcc/msp430-elf/4.9.1/../../../../msp430-elf/lib/libnosys.a
END GROUP
LOAD /opt/ti/mspgcc/bin/../lib/gcc/msp430-elf/4.9.1/libgcc.a
LOAD /opt/ti/mspgcc/bin/../lib/gcc/msp430-elf/4.9.1/crtend.o
LOAD /opt/ti/mspgcc/bin/../lib/gcc/msp430-elf/4.9.1/../../../../msp430-elf/lib/crtn.o
LOAD /opt/ti/mspgcc/bin/../lib/gcc/msp430-elf/4.9.1/libgcc.a

__interrupt_vector_1
 *(__interrupt_vector_1)

__interrupt_vector_2
 *(__interrupt_vector_2)

__interrupt_vector_3
 *(__interrupt_vector_3)

__interrupt_vector_4
 *(__interrupt_vector_4)

__interrupt_vector_5
 *(__interrupt_vector_5)

__interrupt_vector_6
 *(__interrupt_vector_6)

__interrupt_vector_7
 *(__interrupt_vector_7)

__interrupt_vector_8
 *(__interrupt_vector_8)

__interrupt_vector_9
 *(__interrupt_vector_9)

__interrupt_vector_10
 *(__interrupt_vector_10)

__interrupt_vector_11
 *(__interrupt_vector_11)

__interrupt_vector_12
 *(__interrupt_vector_12)

__interrupt_vector_13
 *(__interrupt_vector_13)

__interrupt_vector_14
 *(__interrupt_vector_14)

__interrupt_vector_15
 *(__interrupt_vector_15)

__interrupt_vector_16
 *(__interrupt_vector_16)

__interrupt_vector_17
 *(__interrupt_vector_17)

__interrupt_vector_18
 *(__interrupt_vector_18)

__interrupt_vector_19
 *(__interrupt_vector_19)

__interrupt_vector_20
 *(__interrupt_vector_20)

__interrupt_vector_21
 *(__interrupt_vector_21)

__interrupt_vector_22
 *(__interrupt_vector_22)

__interrupt_vector_23
 *(__interrupt_vector_23)

__interrupt_vector_24
 *(__interrupt_vector_24)

__interrupt_vector_25
 *(__interrupt_vector_25)

__interrupt_vector_26
 *(__interrupt_vector_26)

__interrupt_vector_27
 *(__interrupt_vector_27)

__interrupt_vector_28
 *(__interrupt_vector_28)

__interrupt_vector_29
 *(__interrupt_vector_29)

__interrupt_vector_30
 *(__interrupt_vector_30)

__interrupt_vector_31
 *(__interrupt_vector_31)
 *(__interrupt_vector_aes256)

__interrupt_vector_32
 *(__interrupt_vector_32)
 *(__interrupt_vector_rtc)

__interrupt_vector_33
 *(__interrupt_vector_33)
 *(__interrupt_vector_port4)

__interrupt_vector_34
 *(__interrupt_vector_34)
 *(__interrupt_vector_port3)

__interrupt_vector_35
 *(__interrupt_vector_35)
 *(__interrupt_vector_timer3_a1)

__interrupt_vector_36
 *(__interrupt_vector_36)
 *(__interrupt_vector_timer3_a0)

__interrupt_vector_37
 *(__interrupt_vector_37)
 *(__interrupt_vector_port2)

__interrupt_vector_38
 *(__interrupt_vector_38)
 *(__interrupt_vector_timer2_a1)

__interrupt_vector_39
 *(__interrupt_vector_39)
 *(__interrupt_vector_timer2_a0)

__interrupt_vector_40
                0x0000ffde        0x2
 *(__interrupt_vector_40)
 __interrupt_vector_40
                0x0000ffde        0x2 /home/reviewer/src/apps/app-rsa-alpaca-new/ext/libedb/bld/gcc/libedb.a(edb.o)
 *(__interrupt_vector_port1)

__interrupt_vector_41
 *(__interrupt_vector_41)
 *(__interrupt_vector_timer1_a1)

__interrupt_vector_42
 *(__interrupt_vector_42)
 *(__interrupt_vector_timer1_a0)

__interrupt_vector_43
 *(__interrupt_vector_43)
 *(__interrupt_vector_dma)

__interrupt_vector_44
 *(__interrupt_vector_44)
 *(__interrupt_vector_usci_a1)

__interrupt_vector_45
 *(__interrupt_vector_45)
 *(__interrupt_vector_timer0_a1)

__interrupt_vector_46
 *(__interrupt_vector_46)
 *(__interrupt_vector_timer0_a0)

__interrupt_vector_47
 *(__interrupt_vector_47)
 *(__interrupt_vector_adc12)

__interrupt_vector_48
 *(__interrupt_vector_48)
 *(__interrupt_vector_usci_b0)

__interrupt_vector_49
                0x0000fff0        0x2
 *(__interrupt_vector_49)
 __interrupt_vector_49
                0x0000fff0        0x2 /home/reviewer/src/apps/app-rsa-alpaca-new/ext/libwispbase/bld/gcc/libwispbase.a(uart.o)
 *(__interrupt_vector_usci_a0)

__interrupt_vector_50
 *(__interrupt_vector_50)
 *(__interrupt_vector_wdt)

__interrupt_vector_51
 *(__interrupt_vector_51)
 *(__interrupt_vector_timer0_b1)

__interrupt_vector_52
 *(__interrupt_vector_52)
 *(__interrupt_vector_timer0_b0)

__interrupt_vector_53
 *(__interrupt_vector_53)
 *(__interrupt_vector_comp_e)

__interrupt_vector_54
 *(__interrupt_vector_54)
 *(__interrupt_vector_unmi)

__interrupt_vector_55
 *(__interrupt_vector_55)
 *(__interrupt_vector_sysnmi)

__reset_vector  0x0000fffe        0x2
 *(__interrupt_vector_56)
 *(__interrupt_vector_reset)
 *(.resetvec)
 .resetvec      0x0000fffe        0x2 /opt/ti/mspgcc/bin/../lib/gcc/msp430-elf/4.9.1/../../../../msp430-elf/lib/crt0.o

.rodata         0x00004400      0x6fc
                0x00004400                . = ALIGN (0x2)
 *(.plt)
 *(.rodata .rodata.* .gnu.linkonce.r.* .const .const:*)
 .rodata.str1.1
                0x00004400      0x6b1 /tmp/cceZqRy1.o
                                0x6b6 (size before relaxing)
 .rodata        0x00004ab1        0x1 /tmp/cceZqRy1.o
 .rodata        0x00004ab2       0x38 /home/reviewer/src/apps/app-rsa-alpaca-new/ext/libmspprintf/bld/gcc/libmspprintf.a(printf.o)
 *(.rodata1)
 *(.lower.rodata.* .lower.rodata)
 *(.eh_frame_hdr)
 *(.eh_frame)
 *fill*         0x00004aea        0x2 
 .eh_frame      0x00004aec        0x0 /opt/ti/mspgcc/bin/../lib/gcc/msp430-elf/4.9.1/crtbegin.o
 .eh_frame      0x00004aec        0x4 /opt/ti/mspgcc/bin/../lib/gcc/msp430-elf/4.9.1/crtend.o
 *(.gcc_except_table)
 *(.gcc_except_table.*)
                0x00004af0                PROVIDE (__preinit_array_start, .)
 *(.preinit_array)
                0x00004af0                PROVIDE (__preinit_array_end, .)
                0x00004af0                PROVIDE (__init_array_start, .)
 *(SORT(.init_array.*))
 *(.init_array)
                0x00004af0                PROVIDE (__init_array_end, .)
                0x00004af0                PROVIDE (__fini_array_start, .)
 *(.fini_array)
 *(SORT(.fini_array.*))
                0x00004af0                PROVIDE (__fini_array_end, .)
                0x00004af0        0x4 LONG 0x0
 *crtbegin*.o(.ctors)
 .ctors         0x00004af4        0x2 /opt/ti/mspgcc/bin/../lib/gcc/msp430-elf/4.9.1/crtbegin.o
 *(EXCLUDE_FILE(*crtend*.o) .ctors)
 *(SORT(.ctors.*))
 *(.ctors)
 .ctors         0x00004af6        0x2 /opt/ti/mspgcc/bin/../lib/gcc/msp430-elf/4.9.1/crtend.o
 *crtbegin*.o(.dtors)
 .dtors         0x00004af8        0x2 /opt/ti/mspgcc/bin/../lib/gcc/msp430-elf/4.9.1/crtbegin.o
 *(EXCLUDE_FILE(*crtend*.o) .dtors)
 *(SORT(.dtors.*))
 *(.dtors)
 .dtors         0x00004afa        0x2 /opt/ti/mspgcc/bin/../lib/gcc/msp430-elf/4.9.1/crtend.o
                0x00004afa                __DTOR_END__

.nv             0x00004afc      0x64c
                0x00004afc                . = ALIGN (0x2)
                0x00004afc                PROVIDE (__fram_vars_start, .)
 *(.ro_nv_vars)
 .ro_nv_vars    0x00004afc       0x16 /tmp/cceZqRy1.o
 *(.nv_vars)
 .nv_vars       0x00004b12      0x634 /tmp/cceZqRy1.o
                0x00004b12                _task_task_init
                0x00004b3c                _task_task_pad
                0x00004b66                _task_task_exp
                0x00004b90                _task_task_mult_block
                0x00004bba                _task_task_mult_block_get_result
                0x00004be4                _task_task_square_base
                0x00004c0e                _task_task_square_base_get_result
                0x00004c38                _task_task_print_cyphertext
                0x00004c62                _task_task_mult_mod
                0x00004c8c                _task_task_mult
                0x00004cb6                _task_task_reduce_digits
                0x00004ce0                _task_task_reduce_normalizable
                0x00004d0a                _task_task_reduce_normalize
                0x00004d34                _task_task_reduce_n_divisor
                0x00004d5e                _task_task_reduce_quotient
                0x00004d88                _task_task_reduce_multiply
                0x00004db2                _task_task_reduce_compare
                0x00004ddc                _task_task_reduce_add
                0x00004e06                _task_task_reduce_subtract
                0x00004e30                _task_task_print_product
                0x00004e5a                _global_modulus
                0x00004e6a                _global_exponent_bak
                0x00004e6c                _global_exponent
                0x00004e6e                _global_message_length
                0x00004e70                _global_block_offset_bak
                0x00004e72                _global_block_offset
                0x00004e74                _global_cyphertext_len_bak
                0x00004e76                _global_cyphertext_len
                0x00004e78                _global_base
                0x00004eb8                _global_block
                0x00004ef8                _global_next_task
                0x00004efa                _global_product_bak
                0x00004f3a                _global_product_isDirty
                0x00004f7a                _global_product
                0x00004fba                _global_cyphertext
                0x00004fda                _global_digit_bak
                0x00004fdc                _global_digit
                0x00004fde                _global_carry_bak
                0x00004fe0                _global_carry
                0x00004fe2                _global_print_which
                0x00004fe4                _global_next_task_print
                0x00004fe6                _global_reduce_bak
                0x00004fe8                _global_reduce
                0x00004fea                _global_offset
                0x00004fec                _global_n_div
                0x00004fee                _global_quotient_bak
                0x00004ff0                _global_quotient
                0x00004ff2                _global_product2
                0x00005032                _task__entry_task
                0x0000505c                _global_exponent_next
                0x0000505e                data_src
                0x0000509e                data_dest
                0x000050de                data_size
                0x0000511e                data_src_base
                0x00005120                data_dest_base
                0x00005122                data_size_base
                0x00005124                gv_index
                0x00005126                num_dirty_gv
                0x00005128                curtime
                0x0000512a                context_3
                0x00005130                context_2
                0x00005136                context_1
                0x0000513c                context_0
                0x00005142                curctx
                0x00005144                _numBoots
 .nv_vars       0x00005146        0x2 /home/reviewer/src/apps/app-rsa-alpaca-new/ext/libedb/bld/gcc/libedb.a(edb.o)
                0x00005146                _libedb_internal_breakpoints
 *(.fram_vars)
                0x00005148                . = ALIGN (0x2)
                0x00005148                PROVIDE (__fram_vars_end, .)

.upper.rodata
 *(.upper.rodata.* .upper.rodata)

.data           0x00001c00        0x4 load address 0x00005148
                0x00001c00                . = ALIGN (0x2)
                0x00001c00                PROVIDE (__datastart, .)
 *(.jcr)
 .jcr           0x00001c00        0x0 /opt/ti/mspgcc/bin/../lib/gcc/msp430-elf/4.9.1/crtbegin.o
 .jcr           0x00001c00        0x2 /opt/ti/mspgcc/bin/../lib/gcc/msp430-elf/4.9.1/crtend.o
 *(.data.rel.ro.local)
 *(.data.rel.ro*)
 *(.dynamic)
 *(.data .data.* .gnu.linkonce.d.*)
 .data          0x00001c02        0x0 /opt/ti/mspgcc/bin/../lib/gcc/msp430-elf/4.9.1/../../../../msp430-elf/lib/crt0.o
 .data          0x00001c02        0x2 /opt/ti/mspgcc/bin/../lib/gcc/msp430-elf/4.9.1/crtbegin.o
                0x00001c02                __dso_handle
 .data          0x00001c04        0x0 /tmp/cceZqRy1.o
 .data          0x00001c04        0x0 /home/reviewer/src/apps/app-rsa-alpaca-new/ext/libmspbuiltins/bld/gcc/libmspbuiltins.a(builtins.o)
 .data          0x00001c04        0x0 /home/reviewer/src/apps/app-rsa-alpaca-new/ext/libmspprintf/bld/gcc/libmspprintf.a(printf.o)
 .data          0x00001c04        0x0 /home/reviewer/src/apps/app-rsa-alpaca-new/ext/libedb/bld/gcc/libedb.a(edb.o)
 .data          0x00001c04        0x0 /home/reviewer/src/apps/app-rsa-alpaca-new/ext/libedb/bld/gcc/libedb.a(io.o)
 .data          0x00001c04        0x0 /home/reviewer/src/apps/app-rsa-alpaca-new/ext/libwispbase/bld/gcc/libwispbase.a(uart.o)
 .data          0x00001c04        0x0 /opt/ti/mspgcc/bin/../lib/gcc/msp430-elf/4.9.1/libgcc.a(slli.o)
 .data          0x00001c04        0x0 /opt/ti/mspgcc/bin/../lib/gcc/msp430-elf/4.9.1/libgcc.a(srai.o)
 .data          0x00001c04        0x0 /opt/ti/mspgcc/bin/../lib/gcc/msp430-elf/4.9.1/../../../../msp430-elf/lib/libcrt.a(crt_bss.o)
 .data          0x00001c04        0x0 /opt/ti/mspgcc/bin/../lib/gcc/msp430-elf/4.9.1/../../../../msp430-elf/lib/libcrt.a(crt_movedata.o)
 .data          0x00001c04        0x0 /opt/ti/mspgcc/bin/../lib/gcc/msp430-elf/4.9.1/../../../../msp430-elf/lib/libcrt.a(crt_main.o)
 .data          0x00001c04        0x0 /opt/ti/mspgcc/bin/../lib/gcc/msp430-elf/4.9.1/../../../../msp430-elf/lib/libc.a(lib_a-memmove.o)
 .data          0x00001c04        0x0 /opt/ti/mspgcc/bin/../lib/gcc/msp430-elf/4.9.1/../../../../msp430-elf/lib/libc.a(lib_a-memset.o)
 .data          0x00001c04        0x0 /opt/ti/mspgcc/bin/../lib/gcc/msp430-elf/4.9.1/crtend.o
 .data          0x00001c04        0x0 /opt/ti/mspgcc/bin/../lib/gcc/msp430-elf/4.9.1/../../../../msp430-elf/lib/crtn.o
 *(.gnu.linkonce.d.*personality*)
 *(.data1)
 *(.got.plt)
 *(.got)
                0x00001c04                . = ALIGN (0x2)
 *(.sdata .sdata.* .gnu.linkonce.s.* D_2 D_1)
                0x00001c04                . = ALIGN (0x2)
 *(.lower.data.* .lower.data)
                0x00001c04                . = ALIGN (0x2)
                0x00001c04                _edata = .
                0x00001c04                PROVIDE (edata, .)
                0x00001c04                PROVIDE (__dataend, .)
                0x00005148                PROVIDE (__romdatastart, LOADADDR (.data))
                0x00000004                PROVIDE (__romdatacopysize, SIZEOF (.data))

.upper.data     0x00010000        0x2 load address 0x0000514c
                0x0000514c                __upper_data_init = LOADADDR (.upper.data)
                0x00010000        0x2 SHORT 0x1
                0x00010002                __high_datastart = .
 *(.upper.data.* .upper.data)
                0x00010002                __high_dataend = .
                0x00000000                __rom_highdatacopysize = (SIZEOF (.upper.data) - 0x2)
                0x0000514e                __rom_highdatastart = (LOADADDR (.upper.data) + 0x2)

.bss            0x00001c04       0xba
                0x00001c04                . = ALIGN (0x2)
                0x00001c04                PROVIDE (__bssstart, .)
 *(.dynbss)
 *(.sbss .sbss.*)
 *(.bss .bss.* .gnu.linkonce.b.*)
 .bss           0x00001c04        0x0 /opt/ti/mspgcc/bin/../lib/gcc/msp430-elf/4.9.1/../../../../msp430-elf/lib/crt0.o
 .bss           0x00001c04       0x12 /opt/ti/mspgcc/bin/../lib/gcc/msp430-elf/4.9.1/crtbegin.o
 .bss           0x00001c16        0x1 /tmp/cceZqRy1.o
 .bss           0x00001c17        0x0 /home/reviewer/src/apps/app-rsa-alpaca-new/ext/libmspbuiltins/bld/gcc/libmspbuiltins.a(builtins.o)
 .bss           0x00001c17        0x0 /home/reviewer/src/apps/app-rsa-alpaca-new/ext/libmspprintf/bld/gcc/libmspprintf.a(printf.o)
 *fill*         0x00001c17        0x1 
 .bss           0x00001c18       0x64 /home/reviewer/src/apps/app-rsa-alpaca-new/ext/libedb/bld/gcc/libedb.a(edb.o)
 .bss           0x00001c7c       0x36 /home/reviewer/src/apps/app-rsa-alpaca-new/ext/libedb/bld/gcc/libedb.a(io.o)
 .bss           0x00001cb2        0xc /home/reviewer/src/apps/app-rsa-alpaca-new/ext/libwispbase/bld/gcc/libwispbase.a(uart.o)
 .bss           0x00001cbe        0x0 /opt/ti/mspgcc/bin/../lib/gcc/msp430-elf/4.9.1/libgcc.a(slli.o)
 .bss           0x00001cbe        0x0 /opt/ti/mspgcc/bin/../lib/gcc/msp430-elf/4.9.1/libgcc.a(srai.o)
 .bss           0x00001cbe        0x0 /opt/ti/mspgcc/bin/../lib/gcc/msp430-elf/4.9.1/../../../../msp430-elf/lib/libcrt.a(crt_bss.o)
 .bss           0x00001cbe        0x0 /opt/ti/mspgcc/bin/../lib/gcc/msp430-elf/4.9.1/../../../../msp430-elf/lib/libcrt.a(crt_movedata.o)
 .bss           0x00001cbe        0x0 /opt/ti/mspgcc/bin/../lib/gcc/msp430-elf/4.9.1/../../../../msp430-elf/lib/libcrt.a(crt_main.o)
 .bss           0x00001cbe        0x0 /opt/ti/mspgcc/bin/../lib/gcc/msp430-elf/4.9.1/../../../../msp430-elf/lib/libc.a(lib_a-memmove.o)
 .bss           0x00001cbe        0x0 /opt/ti/mspgcc/bin/../lib/gcc/msp430-elf/4.9.1/../../../../msp430-elf/lib/libc.a(lib_a-memset.o)
 .bss           0x00001cbe        0x0 /opt/ti/mspgcc/bin/../lib/gcc/msp430-elf/4.9.1/crtend.o
 .bss           0x00001cbe        0x0 /opt/ti/mspgcc/bin/../lib/gcc/msp430-elf/4.9.1/../../../../msp430-elf/lib/crtn.o
 *(.lower.bss.* .lower.bss)
                0x00001cbe                . = ALIGN (0x2)
 *(COMMON)
                0x00001cbe                PROVIDE (__bssend, .)
                0x000000ba                PROVIDE (__bsssize, SIZEOF (.bss))

.noinit         0x00001cbe        0x0
                0x00001cbe                . = ALIGN (0x2)
                0x00001cbe                PROVIDE (__noinit_start, .)
 *(.noinit)
                0x00001cbe                . = ALIGN (0x2)
                0x00001cbe                PROVIDE (__noinit_end, .)
                0x00001cbe                _end = .
                0x00001cbe                PROVIDE (end, .)

.upper.bss      0x00010002        0x0
                0x00010002                . = ALIGN (0x2)
                0x00010002                __high_bssstart = .
 *(.upper.bss.* .upper.bss)
                0x00010002                . = ALIGN (0x2)
                0x00010002                __high_bssend = .

.stack          0x00002400        0x0
                0x00002400                PROVIDE (__stack, .)
 *(.stack)

.text           0x00005150     0x2f12
                0x00005150                PROVIDE (_start, .)
                0x00005150                . = ALIGN (0x2)
 *(SORT(.crt_*))
 .crt_0000start
                0x00005150        0x4 /opt/ti/mspgcc/bin/../lib/gcc/msp430-elf/4.9.1/../../../../msp430-elf/lib/crt0.o
                0x00005150                __crt0_start
 .crt_0100init_bss
                0x00005154        0xe /opt/ti/mspgcc/bin/../lib/gcc/msp430-elf/4.9.1/../../../../msp430-elf/lib/libcrt.a(crt_bss.o)
                0x00005154                __crt0_init_bss
 .crt_0300movedata
                0x00005162       0x14 /opt/ti/mspgcc/bin/../lib/gcc/msp430-elf/4.9.1/../../../../msp430-elf/lib/libcrt.a(crt_movedata.o)
                0x00005162                __crt0_movedata
 .crt_0700call_init_then_main
                0x00005176        0xa /opt/ti/mspgcc/bin/../lib/gcc/msp430-elf/4.9.1/../../../../msp430-elf/lib/libcrt.a(crt_main.o)
                0x00005176                __crt0_call_init_then_main
 .crt_0900main_init
                0x00005180       0x36 /opt/ti/mspgcc/bin/../lib/gcc/msp430-elf/4.9.1/../../../../msp430-elf/lib/crt0.o
                0x00005180                _msp430_run_init_array
                0x0000518c                _msp430_run_preinit_array
                0x00005198                _msp430_run_fini_array
                0x000051b6                . = ALIGN (0x2)
 *(.lowtext)
                0x000051b6                . = ALIGN (0x2)
 *(.lower.text.* .lower.text)
                0x000051b6                . = ALIGN (0x2)
 *(.text .stub .text.* .gnu.linkonce.t.* .text:*)
 .text          0x000051b6        0x0 /opt/ti/mspgcc/bin/../lib/gcc/msp430-elf/4.9.1/../../../../msp430-elf/lib/crt0.o
 .text          0x000051b6       0xc6 /opt/ti/mspgcc/bin/../lib/gcc/msp430-elf/4.9.1/crtbegin.o
 .text          0x0000527c     0x2100 /tmp/cceZqRy1.o
                0x0000527c                init
                0x000052c4                task_init
                0x000053d8                task_pad
                0x0000562c                task_exp
                0x000056bc                task_mult_block
                0x000056f4                task_mult_block_get_result
                0x0000588c                task_square_base
                0x000058c4                task_square_base_get_result
                0x00005954                task_print_cyphertext
                0x00005a74                task_mult_mod
                0x00005aac                task_mult
                0x00005ca0                task_reduce_digits
                0x00005dc4                task_reduce_normalizable
                0x00005f68                task_reduce_normalize
                0x0000613c                task_reduce_n_divisor
                0x000061c4                task_reduce_quotient
                0x000064a0                task_reduce_multiply
                0x00006634                task_reduce_compare
                0x00006744                task_reduce_add
                0x00006a10                task_reduce_subtract
                0x00006c74                task_print_product
                0x00006c88                _entry_task
                0x00006c98                _init
                0x00006ca4                clear_isDirty
                0x00006cd0                msp_watchdog_enable
                0x00006ce8                msp_watchdog_disable
                0x00006cf8                msp_watchdog_kick
                0x00006d0c                memcpy
                0x00006d60                my_memset
                0x00006d78                msp_clock_setup
                0x00006d98                mult16
                0x00006dac                sqrt16
                0x00006ecc                udivmodhi4
                0x00006fdc                __divhi3
                0x00007084                __modhi3
                0x00007110                __udivhi3
                0x00007140                __umodhi3
                0x00007170                task_prologue
                0x00007244                transition_to
                0x000072e0                write_to_gbuf
                0x00007358                main
 .text          0x0000737c        0xe /home/reviewer/src/apps/app-rsa-alpaca-new/ext/libmspbuiltins/bld/gcc/libmspbuiltins.a(builtins.o)
                0x0000737c                __mulhi3hw_noint
 .text          0x0000738a      0x224 /home/reviewer/src/apps/app-rsa-alpaca-new/ext/libmspprintf/bld/gcc/libmspprintf.a(printf.o)
                0x0000741c                puts
                0x0000743a                printf
 .text          0x000075ae      0x5c4 /home/reviewer/src/apps/app-rsa-alpaca-new/ext/libedb/bld/gcc/libedb.a(edb.o)
                0x000076a6                exit_debug_mode
                0x000076c2                request_debug_mode
                0x000076f8                request_non_interactive_debug_mode
                0x00007706                request_energy_guard_debug_mode
                0x00007714                resume_application
                0x00007732                mem_addr_from_bytes
                0x00007740                edb_init
                0x00007766                edb_set_app_output_cb
                0x0000776c                PORT1_ISR
 .text          0x00007b72      0x13c /home/reviewer/src/apps/app-rsa-alpaca-new/ext/libedb/bld/gcc/libedb.a(io.o)
                0x00007c06                io_putchar
                0x00007c50                io_puts_no_newline
                0x00007c58                io_puts
                0x00007c60                edb_output_app_data
 .text          0x00007cae      0x23e /home/reviewer/src/apps/app-rsa-alpaca-new/ext/libwispbase/bld/gcc/libwispbase.a(uart.o)
                0x00007cae                UART_init
                0x00007cf0                UART_teardown
                0x00007d16                UART_asyncSend
                0x00007d3a                UART_send
                0x00007d4a                UART_critSend
                0x00007db0                UART_isTxBusy
                0x00007db6                UART_asyncReceive
                0x00007ddc                UART_receive
                0x00007dee                UART_critReceive
                0x00007e54                UART_isRxBusy
                0x00007e5a                UART_isRxDone
                0x00007e68                USCI_A0_ISR
 .text          0x00007eec       0x74 /opt/ti/mspgcc/bin/../lib/gcc/msp430-elf/4.9.1/libgcc.a(slli.o)
                0x00007eec                __mspabi_slli_15
                0x00007eee                __mspabi_slli_14
                0x00007ef0                __mspabi_slli_13
                0x00007ef2                __mspabi_slli_12
                0x00007ef4                __mspabi_slli_11
                0x00007ef6                __mspabi_slli_10
                0x00007ef8                __mspabi_slli_9
                0x00007efa                __mspabi_slli_8
                0x00007efc                __mspabi_slli_7
                0x00007efe                __mspabi_slli_6
                0x00007f00                __mspabi_slli_5
                0x00007f02                __mspabi_slli_4
                0x00007f04                __mspabi_slli_3
                0x00007f06                __mspabi_slli_2
                0x00007f08                __mspabi_slli_1
                0x00007f10                __mspabi_slli
                0x00007f16                __mspabi_slll_15
                0x00007f1a                __mspabi_slll_14
                0x00007f1e                __mspabi_slll_13
                0x00007f22                __mspabi_slll_12
                0x00007f26                __mspabi_slll_11
                0x00007f2a                __mspabi_slll_10
                0x00007f2e                __mspabi_slll_9
                0x00007f32                __mspabi_slll_8
                0x00007f36                __mspabi_slll_7
                0x00007f3a                __mspabi_slll_6
                0x00007f3e                __mspabi_slll_5
                0x00007f42                __mspabi_slll_4
                0x00007f46                __mspabi_slll_3
                0x00007f4a                __mspabi_slll_2
                0x00007f4e                __mspabi_slll_1
                0x00007f5a                __mspabi_slll
 .text          0x00007f60       0x74 /opt/ti/mspgcc/bin/../lib/gcc/msp430-elf/4.9.1/libgcc.a(srai.o)
                0x00007f60                __mspabi_srai_15
                0x00007f62                __mspabi_srai_14
                0x00007f64                __mspabi_srai_13
                0x00007f66                __mspabi_srai_12
                0x00007f68                __mspabi_srai_11
                0x00007f6a                __mspabi_srai_10
                0x00007f6c                __mspabi_srai_9
                0x00007f6e                __mspabi_srai_8
                0x00007f70                __mspabi_srai_7
                0x00007f72                __mspabi_srai_6
                0x00007f74                __mspabi_srai_5
                0x00007f76                __mspabi_srai_4
                0x00007f78                __mspabi_srai_3
                0x00007f7a                __mspabi_srai_2
                0x00007f7c                __mspabi_srai_1
                0x00007f84                __mspabi_srai
                0x00007f8a                __mspabi_sral_15
                0x00007f8e                __mspabi_sral_14
                0x00007f92                __mspabi_sral_13
                0x00007f96                __mspabi_sral_12
                0x00007f9a                __mspabi_sral_11
                0x00007f9e                __mspabi_sral_10
                0x00007fa2                __mspabi_sral_9
                0x00007fa6                __mspabi_sral_8
                0x00007faa                __mspabi_sral_7
                0x00007fae                __mspabi_sral_6
                0x00007fb2                __mspabi_sral_5
                0x00007fb6                __mspabi_sral_4
                0x00007fba                __mspabi_sral_3
                0x00007fbe                __mspabi_sral_2
                0x00007fc2                __mspabi_sral_1
                0x00007fce                __mspabi_sral
 .text          0x00007fd4        0x0 /opt/ti/mspgcc/bin/../lib/gcc/msp430-elf/4.9.1/../../../../msp430-elf/lib/libcrt.a(crt_bss.o)
 .text          0x00007fd4        0x0 /opt/ti/mspgcc/bin/../lib/gcc/msp430-elf/4.9.1/../../../../msp430-elf/lib/libcrt.a(crt_movedata.o)
 .text          0x00007fd4        0x0 /opt/ti/mspgcc/bin/../lib/gcc/msp430-elf/4.9.1/../../../../msp430-elf/lib/libcrt.a(crt_main.o)
 .text          0x00007fd4        0x0 /opt/ti/mspgcc/bin/../lib/gcc/msp430-elf/4.9.1/../../../../msp430-elf/lib/libc.a(lib_a-memmove.o)
 .text.memmove  0x00007fd4       0x40 /opt/ti/mspgcc/bin/../lib/gcc/msp430-elf/4.9.1/../../../../msp430-elf/lib/libc.a(lib_a-memmove.o)
                0x00007fd4                memmove
 .text          0x00008014        0x0 /opt/ti/mspgcc/bin/../lib/gcc/msp430-elf/4.9.1/../../../../msp430-elf/lib/libc.a(lib_a-memset.o)
 .text.memset   0x00008014       0x12 /opt/ti/mspgcc/bin/../lib/gcc/msp430-elf/4.9.1/../../../../msp430-elf/lib/libc.a(lib_a-memset.o)
                0x00008014                memset
 .text          0x00008026       0x20 /opt/ti/mspgcc/bin/../lib/gcc/msp430-elf/4.9.1/crtend.o
 .text          0x00008046        0x0 /opt/ti/mspgcc/bin/../lib/gcc/msp430-elf/4.9.1/../../../../msp430-elf/lib/crtn.o
 *(.text.*personality*)
 *(.gnu.warning)
 *(.interp .hash .dynsym .dynstr .gnu.version*)
                0x00008046                PROVIDE (__etext, .)
                0x00008046                PROVIDE (_etext, .)
                0x00008046                PROVIDE (etext, .)
                0x00008046                . = ALIGN (0x2)
 *(.init)
 .init          0x00008046        0x0 /opt/ti/mspgcc/bin/../lib/gcc/msp430-elf/4.9.1/../../../../msp430-elf/lib/crt0.o
                0x00008046                __msp430_init
 .init          0x00008046        0x4 /opt/ti/mspgcc/bin/../lib/gcc/msp430-elf/4.9.1/crtbegin.o
 .init          0x0000804a        0x4 /opt/ti/mspgcc/bin/../lib/gcc/msp430-elf/4.9.1/crtend.o
 .init          0x0000804e        0xa /opt/ti/mspgcc/bin/../lib/gcc/msp430-elf/4.9.1/../../../../msp430-elf/lib/crtn.o
                0x00008058                __msp430_init_end
 *(.fini)
 .fini          0x00008058        0x4 /opt/ti/mspgcc/bin/../lib/gcc/msp430-elf/4.9.1/../../../../msp430-elf/lib/crt0.o
                0x00008058                __msp430_fini
 .fini          0x0000805c        0x4 /opt/ti/mspgcc/bin/../lib/gcc/msp430-elf/4.9.1/crtbegin.o
 .fini          0x00008060        0x2 /opt/ti/mspgcc/bin/../lib/gcc/msp430-elf/4.9.1/../../../../msp430-elf/lib/crtn.o
                0x00008062                __msp430_fini_end
 *(.tm_clone_table)
 .tm_clone_table
                0x00008062        0x0 /opt/ti/mspgcc/bin/../lib/gcc/msp430-elf/4.9.1/crtbegin.o
 .tm_clone_table
                0x00008062        0x0 /opt/ti/mspgcc/bin/../lib/gcc/msp430-elf/4.9.1/crtend.o
                0x00008062                __TMC_END__

.upper.text     0x00010002        0x0
                0x00010002                . = ALIGN (0x2)
 *(.upper.text.* .upper.text)

.infoA

.infoB

.infoC

.infoD

.MP430.attributes
                0x00000000      0x187
 *(.MSP430.attributes)
 .MSP430.attributes
                0x00000000       0x17 /opt/ti/mspgcc/bin/../lib/gcc/msp430-elf/4.9.1/../../../../msp430-elf/lib/crt0.o
 .MSP430.attributes
                0x00000017       0x17 /opt/ti/mspgcc/bin/../lib/gcc/msp430-elf/4.9.1/crtbegin.o
 .MSP430.attributes
                0x0000002e       0x17 /tmp/cceZqRy1.o
 .MSP430.attributes
                0x00000045       0x17 /home/reviewer/src/apps/app-rsa-alpaca-new/ext/libmspbuiltins/bld/gcc/libmspbuiltins.a(builtins.o)
 .MSP430.attributes
                0x0000005c       0x17 /home/reviewer/src/apps/app-rsa-alpaca-new/ext/libmspprintf/bld/gcc/libmspprintf.a(printf.o)
 .MSP430.attributes
                0x00000073       0x17 /home/reviewer/src/apps/app-rsa-alpaca-new/ext/libedb/bld/gcc/libedb.a(edb.o)
 .MSP430.attributes
                0x0000008a       0x17 /home/reviewer/src/apps/app-rsa-alpaca-new/ext/libedb/bld/gcc/libedb.a(io.o)
 .MSP430.attributes
                0x000000a1       0x17 /home/reviewer/src/apps/app-rsa-alpaca-new/ext/libwispbase/bld/gcc/libwispbase.a(uart.o)
 .MSP430.attributes
                0x000000b8       0x17 /opt/ti/mspgcc/bin/../lib/gcc/msp430-elf/4.9.1/libgcc.a(slli.o)
 .MSP430.attributes
                0x000000cf       0x17 /opt/ti/mspgcc/bin/../lib/gcc/msp430-elf/4.9.1/libgcc.a(srai.o)
 .MSP430.attributes
                0x000000e6       0x17 /opt/ti/mspgcc/bin/../lib/gcc/msp430-elf/4.9.1/../../../../msp430-elf/lib/libcrt.a(crt_bss.o)
 .MSP430.attributes
                0x000000fd       0x17 /opt/ti/mspgcc/bin/../lib/gcc/msp430-elf/4.9.1/../../../../msp430-elf/lib/libcrt.a(crt_movedata.o)
 .MSP430.attributes
                0x00000114       0x17 /opt/ti/mspgcc/bin/../lib/gcc/msp430-elf/4.9.1/../../../../msp430-elf/lib/libcrt.a(crt_main.o)
 .MSP430.attributes
                0x0000012b       0x17 /opt/ti/mspgcc/bin/../lib/gcc/msp430-elf/4.9.1/../../../../msp430-elf/lib/libc.a(lib_a-memmove.o)
 .MSP430.attributes
                0x00000142       0x17 /opt/ti/mspgcc/bin/../lib/gcc/msp430-elf/4.9.1/../../../../msp430-elf/lib/libc.a(lib_a-memset.o)
 .MSP430.attributes
                0x00000159       0x17 /opt/ti/mspgcc/bin/../lib/gcc/msp430-elf/4.9.1/crtend.o
 .MSP430.attributes
                0x00000170       0x17 /opt/ti/mspgcc/bin/../lib/gcc/msp430-elf/4.9.1/../../../../msp430-elf/lib/crtn.o
 *(.gnu.attributes)
 *(__TI_build_attributes)

.stab
 *(.stab)

.stabstr
 *(.stabstr)

.stab.excl
 *(.stab.excl)

.stab.exclstr
 *(.stab.exclstr)

.stab.index
 *(.stab.index)

.stab.indexstr
 *(.stab.indexstr)

.comment        0x00000000      0x1c6
 *(.comment)
 .comment       0x00000000       0x7c /opt/ti/mspgcc/bin/../lib/gcc/msp430-elf/4.9.1/crtbegin.o
                                 0x7d (size before relaxing)
 .comment       0x0000007c      0x14a /tmp/cceZqRy1.o
                                0x673 (size before relaxing)
 .comment       0x00000000       0x7d /home/reviewer/src/apps/app-rsa-alpaca-new/ext/libmspprintf/bld/gcc/libmspprintf.a(printf.o)
 .comment       0x00000000       0x7d /home/reviewer/src/apps/app-rsa-alpaca-new/ext/libedb/bld/gcc/libedb.a(edb.o)
 .comment       0x00000000       0x7d /home/reviewer/src/apps/app-rsa-alpaca-new/ext/libedb/bld/gcc/libedb.a(io.o)
 .comment       0x00000000       0x7d /home/reviewer/src/apps/app-rsa-alpaca-new/ext/libwispbase/bld/gcc/libwispbase.a(uart.o)
 .comment       0x00000000       0x7d /opt/ti/mspgcc/bin/../lib/gcc/msp430-elf/4.9.1/../../../../msp430-elf/lib/libc.a(lib_a-memmove.o)
 .comment       0x00000000       0x7d /opt/ti/mspgcc/bin/../lib/gcc/msp430-elf/4.9.1/../../../../msp430-elf/lib/libc.a(lib_a-memset.o)
 .comment       0x00000000       0x7d /opt/ti/mspgcc/bin/../lib/gcc/msp430-elf/4.9.1/crtend.o

.debug
 *(.debug)

.line
 *(.line)

.debug_srcinfo
 *(.debug_srcinfo)

.debug_sfnames
 *(.debug_sfnames)

.debug_aranges  0x00000000      0x178
 *(.debug_aranges)
 .debug_aranges
                0x00000000       0x30 /opt/ti/mspgcc/bin/../lib/gcc/msp430-elf/4.9.1/../../../../msp430-elf/lib/crt0.o
 .debug_aranges
                0x00000030       0x20 /home/reviewer/src/apps/app-rsa-alpaca-new/ext/libmspprintf/bld/gcc/libmspprintf.a(printf.o)
 .debug_aranges
                0x00000050       0x20 /home/reviewer/src/apps/app-rsa-alpaca-new/ext/libedb/bld/gcc/libedb.a(edb.o)
 .debug_aranges
                0x00000070       0x20 /home/reviewer/src/apps/app-rsa-alpaca-new/ext/libedb/bld/gcc/libedb.a(io.o)
 .debug_aranges
                0x00000090       0x20 /home/reviewer/src/apps/app-rsa-alpaca-new/ext/libwispbase/bld/gcc/libwispbase.a(uart.o)
 .debug_aranges
                0x000000b0       0x20 /opt/ti/mspgcc/bin/../lib/gcc/msp430-elf/4.9.1/../../../../msp430-elf/lib/libcrt.a(crt_bss.o)
 .debug_aranges
                0x000000d0       0x20 /opt/ti/mspgcc/bin/../lib/gcc/msp430-elf/4.9.1/../../../../msp430-elf/lib/libcrt.a(crt_movedata.o)
 .debug_aranges
                0x000000f0       0x20 /opt/ti/mspgcc/bin/../lib/gcc/msp430-elf/4.9.1/../../../../msp430-elf/lib/libcrt.a(crt_main.o)
 .debug_aranges
                0x00000110       0x20 /opt/ti/mspgcc/bin/../lib/gcc/msp430-elf/4.9.1/../../../../msp430-elf/lib/libc.a(lib_a-memmove.o)
 .debug_aranges
                0x00000130       0x20 /opt/ti/mspgcc/bin/../lib/gcc/msp430-elf/4.9.1/../../../../msp430-elf/lib/libc.a(lib_a-memset.o)
 .debug_aranges
                0x00000150       0x28 /opt/ti/mspgcc/bin/../lib/gcc/msp430-elf/4.9.1/../../../../msp430-elf/lib/crtn.o

.debug_pubnames
 *(.debug_pubnames)

.debug_info     0x00000000     0x1b7f
 *(.debug_info .gnu.linkonce.wi.*)
 .debug_info    0x00000000       0xce /opt/ti/mspgcc/bin/../lib/gcc/msp430-elf/4.9.1/../../../../msp430-elf/lib/crt0.o
 .debug_info    0x000000ce      0x30d /home/reviewer/src/apps/app-rsa-alpaca-new/ext/libmspprintf/bld/gcc/libmspprintf.a(printf.o)
 .debug_info    0x000003db      0xbc7 /home/reviewer/src/apps/app-rsa-alpaca-new/ext/libedb/bld/gcc/libedb.a(edb.o)
 .debug_info    0x00000fa2      0x2e9 /home/reviewer/src/apps/app-rsa-alpaca-new/ext/libedb/bld/gcc/libedb.a(io.o)
 .debug_info    0x0000128b      0x3e3 /home/reviewer/src/apps/app-rsa-alpaca-new/ext/libwispbase/bld/gcc/libwispbase.a(uart.o)
 .debug_info    0x0000166e       0xd2 /opt/ti/mspgcc/bin/../lib/gcc/msp430-elf/4.9.1/../../../../msp430-elf/lib/libcrt.a(crt_bss.o)
 .debug_info    0x00001740       0xd2 /opt/ti/mspgcc/bin/../lib/gcc/msp430-elf/4.9.1/../../../../msp430-elf/lib/libcrt.a(crt_movedata.o)
 .debug_info    0x00001812       0xd2 /opt/ti/mspgcc/bin/../lib/gcc/msp430-elf/4.9.1/../../../../msp430-elf/lib/libcrt.a(crt_main.o)
 .debug_info    0x000018e4       0xfe /opt/ti/mspgcc/bin/../lib/gcc/msp430-elf/4.9.1/../../../../msp430-elf/lib/libc.a(lib_a-memmove.o)
 .debug_info    0x000019e2       0xcf /opt/ti/mspgcc/bin/../lib/gcc/msp430-elf/4.9.1/../../../../msp430-elf/lib/libc.a(lib_a-memset.o)
 .debug_info    0x00001ab1       0xce /opt/ti/mspgcc/bin/../lib/gcc/msp430-elf/4.9.1/../../../../msp430-elf/lib/crtn.o

.debug_abbrev   0x00000000      0x910
 *(.debug_abbrev)
 .debug_abbrev  0x00000000       0x12 /opt/ti/mspgcc/bin/../lib/gcc/msp430-elf/4.9.1/../../../../msp430-elf/lib/crt0.o
 .debug_abbrev  0x00000012      0x174 /home/reviewer/src/apps/app-rsa-alpaca-new/ext/libmspprintf/bld/gcc/libmspprintf.a(printf.o)
 .debug_abbrev  0x00000186      0x397 /home/reviewer/src/apps/app-rsa-alpaca-new/ext/libedb/bld/gcc/libedb.a(edb.o)
 .debug_abbrev  0x0000051d      0x12a /home/reviewer/src/apps/app-rsa-alpaca-new/ext/libedb/bld/gcc/libedb.a(io.o)
 .debug_abbrev  0x00000647      0x155 /home/reviewer/src/apps/app-rsa-alpaca-new/ext/libwispbase/bld/gcc/libwispbase.a(uart.o)
 .debug_abbrev  0x0000079c       0x14 /opt/ti/mspgcc/bin/../lib/gcc/msp430-elf/4.9.1/../../../../msp430-elf/lib/libcrt.a(crt_bss.o)
 .debug_abbrev  0x000007b0       0x14 /opt/ti/mspgcc/bin/../lib/gcc/msp430-elf/4.9.1/../../../../msp430-elf/lib/libcrt.a(crt_movedata.o)
 .debug_abbrev  0x000007c4       0x14 /opt/ti/mspgcc/bin/../lib/gcc/msp430-elf/4.9.1/../../../../msp430-elf/lib/libcrt.a(crt_main.o)
 .debug_abbrev  0x000007d8       0x9a /opt/ti/mspgcc/bin/../lib/gcc/msp430-elf/4.9.1/../../../../msp430-elf/lib/libc.a(lib_a-memmove.o)
 .debug_abbrev  0x00000872       0x8c /opt/ti/mspgcc/bin/../lib/gcc/msp430-elf/4.9.1/../../../../msp430-elf/lib/libc.a(lib_a-memset.o)
 .debug_abbrev  0x000008fe       0x12 /opt/ti/mspgcc/bin/../lib/gcc/msp430-elf/4.9.1/../../../../msp430-elf/lib/crtn.o

.debug_line     0x00000000     0x1495
 *(.debug_line .debug_line.* .debug_line_end)
 .debug_line    0x00000000       0xff /opt/ti/mspgcc/bin/../lib/gcc/msp430-elf/4.9.1/../../../../msp430-elf/lib/crt0.o
 .debug_line    0x000000ff      0x237 /home/reviewer/src/apps/app-rsa-alpaca-new/ext/libmspprintf/bld/gcc/libmspprintf.a(printf.o)
 .debug_line    0x00000336      0x6d0 /home/reviewer/src/apps/app-rsa-alpaca-new/ext/libedb/bld/gcc/libedb.a(edb.o)
 .debug_line    0x00000a06      0x264 /home/reviewer/src/apps/app-rsa-alpaca-new/ext/libedb/bld/gcc/libedb.a(io.o)
 .debug_line    0x00000c6a      0x37b /home/reviewer/src/apps/app-rsa-alpaca-new/ext/libwispbase/bld/gcc/libwispbase.a(uart.o)
 .debug_line    0x00000fe5       0x84 /opt/ti/mspgcc/bin/../lib/gcc/msp430-elf/4.9.1/../../../../msp430-elf/lib/libcrt.a(crt_bss.o)
 .debug_line    0x00001069       0x90 /opt/ti/mspgcc/bin/../lib/gcc/msp430-elf/4.9.1/../../../../msp430-elf/lib/libcrt.a(crt_movedata.o)
 .debug_line    0x000010f9       0x7e /opt/ti/mspgcc/bin/../lib/gcc/msp430-elf/4.9.1/../../../../msp430-elf/lib/libcrt.a(crt_main.o)
 .debug_line    0x00001177      0x118 /opt/ti/mspgcc/bin/../lib/gcc/msp430-elf/4.9.1/../../../../msp430-elf/lib/libc.a(lib_a-memmove.o)
 .debug_line.text.memmove
                0x0000128f       0x40 /opt/ti/mspgcc/bin/../lib/gcc/msp430-elf/4.9.1/../../../../msp430-elf/lib/libc.a(lib_a-memmove.o)
 .debug_line_end
                0x000012cf        0x0 /opt/ti/mspgcc/bin/../lib/gcc/msp430-elf/4.9.1/../../../../msp430-elf/lib/libc.a(lib_a-memmove.o)
 .debug_line    0x000012cf      0x117 /opt/ti/mspgcc/bin/../lib/gcc/msp430-elf/4.9.1/../../../../msp430-elf/lib/libc.a(lib_a-memset.o)
 .debug_line.text.memset
                0x000013e6       0x22 /opt/ti/mspgcc/bin/../lib/gcc/msp430-elf/4.9.1/../../../../msp430-elf/lib/libc.a(lib_a-memset.o)
 .debug_line_end
                0x00001408        0x0 /opt/ti/mspgcc/bin/../lib/gcc/msp430-elf/4.9.1/../../../../msp430-elf/lib/libc.a(lib_a-memset.o)
 .debug_line    0x00001408       0x8d /opt/ti/mspgcc/bin/../lib/gcc/msp430-elf/4.9.1/../../../../msp430-elf/lib/crtn.o

.debug_frame    0x00000000      0x36c
 *(.debug_frame)
 .debug_frame   0x00000000       0x90 /home/reviewer/src/apps/app-rsa-alpaca-new/ext/libmspprintf/bld/gcc/libmspprintf.a(printf.o)
 .debug_frame   0x00000090      0x120 /home/reviewer/src/apps/app-rsa-alpaca-new/ext/libedb/bld/gcc/libedb.a(edb.o)
 .debug_frame   0x000001b0       0x84 /home/reviewer/src/apps/app-rsa-alpaca-new/ext/libedb/bld/gcc/libedb.a(io.o)
 .debug_frame   0x00000234       0xe4 /home/reviewer/src/apps/app-rsa-alpaca-new/ext/libwispbase/bld/gcc/libwispbase.a(uart.o)
 .debug_frame   0x00000318       0x30 /opt/ti/mspgcc/bin/../lib/gcc/msp430-elf/4.9.1/../../../../msp430-elf/lib/libc.a(lib_a-memmove.o)
 .debug_frame   0x00000348       0x24 /opt/ti/mspgcc/bin/../lib/gcc/msp430-elf/4.9.1/../../../../msp430-elf/lib/libc.a(lib_a-memset.o)

.debug_str      0x00000000      0xc04
 *(.debug_str)
 .debug_str     0x00000000      0x1d0 /home/reviewer/src/apps/app-rsa-alpaca-new/ext/libmspprintf/bld/gcc/libmspprintf.a(printf.o)
                                0x216 (size before relaxing)
 .debug_str     0x000001d0      0x67c /home/reviewer/src/apps/app-rsa-alpaca-new/ext/libedb/bld/gcc/libedb.a(edb.o)
                                0x82b (size before relaxing)
 .debug_str     0x0000084c       0x5b /home/reviewer/src/apps/app-rsa-alpaca-new/ext/libedb/bld/gcc/libedb.a(io.o)
                                0x2d3 (size before relaxing)
 .debug_str     0x000008a7      0x1e9 /home/reviewer/src/apps/app-rsa-alpaca-new/ext/libwispbase/bld/gcc/libwispbase.a(uart.o)
                                0x37b (size before relaxing)
 .debug_str     0x00000a90      0x127 /opt/ti/mspgcc/bin/../lib/gcc/msp430-elf/4.9.1/../../../../msp430-elf/lib/libc.a(lib_a-memmove.o)
                                0x1b9 (size before relaxing)
 .debug_str     0x00000bb7       0x4d /opt/ti/mspgcc/bin/../lib/gcc/msp430-elf/4.9.1/../../../../msp430-elf/lib/libc.a(lib_a-memset.o)
                                0x19e (size before relaxing)

.debug_loc      0x00000000     0x1106
 *(.debug_loc)
 .debug_loc     0x00000000      0x3b5 /home/reviewer/src/apps/app-rsa-alpaca-new/ext/libmspprintf/bld/gcc/libmspprintf.a(printf.o)
 .debug_loc     0x000003b5      0x728 /home/reviewer/src/apps/app-rsa-alpaca-new/ext/libedb/bld/gcc/libedb.a(edb.o)
 .debug_loc     0x00000add      0x2aa /home/reviewer/src/apps/app-rsa-alpaca-new/ext/libedb/bld/gcc/libedb.a(io.o)
 .debug_loc     0x00000d87      0x14c /home/reviewer/src/apps/app-rsa-alpaca-new/ext/libwispbase/bld/gcc/libwispbase.a(uart.o)
 .debug_loc     0x00000ed3      0x1ac /opt/ti/mspgcc/bin/../lib/gcc/msp430-elf/4.9.1/../../../../msp430-elf/lib/libc.a(lib_a-memmove.o)
 .debug_loc     0x0000107f       0x87 /opt/ti/mspgcc/bin/../lib/gcc/msp430-elf/4.9.1/../../../../msp430-elf/lib/libc.a(lib_a-memset.o)

.debug_macinfo
 *(.debug_macinfo)

.debug_weaknames
 *(.debug_weaknames)

.debug_funcnames
 *(.debug_funcnames)

.debug_typenames
 *(.debug_typenames)

.debug_varnames
 *(.debug_varnames)

.debug_pubtypes
 *(.debug_pubtypes)

.debug_ranges   0x00000000       0xe8
 *(.debug_ranges)
 .debug_ranges  0x00000000       0x28 /opt/ti/mspgcc/bin/../lib/gcc/msp430-elf/4.9.1/../../../../msp430-elf/lib/crt0.o
 .debug_ranges  0x00000028       0x80 /home/reviewer/src/apps/app-rsa-alpaca-new/ext/libedb/bld/gcc/libedb.a(edb.o)
 .debug_ranges  0x000000a8       0x10 /opt/ti/mspgcc/bin/../lib/gcc/msp430-elf/4.9.1/../../../../msp430-elf/lib/libc.a(lib_a-memmove.o)
 .debug_ranges  0x000000b8       0x10 /opt/ti/mspgcc/bin/../lib/gcc/msp430-elf/4.9.1/../../../../msp430-elf/lib/libc.a(lib_a-memset.o)
 .debug_ranges  0x000000c8       0x20 /opt/ti/mspgcc/bin/../lib/gcc/msp430-elf/4.9.1/../../../../msp430-elf/lib/crtn.o

.debug_macro
 *(.debug_macro)

/DISCARD/
 *(.note.GNU-stack)
OUTPUT(templog.out elf32-msp430)
