Archive member included because of file (symbol)

/home/reviewer/src/apps/app-rsa-alpaca-new/ext/libmspbuiltins/bld/gcc/libmspbuiltins.a(builtins.o)
                              /tmp/ccE0Ga8s.o (__mulhi3hw_noint)
/home/reviewer/src/apps/app-rsa-alpaca-new/ext/libedb/bld/gcc/libedb.a(edb.o)
                              /tmp/ccE0Ga8s.o (request_non_interactive_debug_mode)
/home/reviewer/src/apps/app-rsa-alpaca-new/ext/libedb/bld/gcc/libedb.a(io.o)
                              /tmp/ccE0Ga8s.o (io_putchar)
/home/reviewer/src/apps/app-rsa-alpaca-new/ext/libwispbase/bld/gcc/libwispbase.a(uart.o)
                              /home/reviewer/src/apps/app-rsa-alpaca-new/ext/libedb/bld/gcc/libedb.a(edb.o) (UART_init)
/opt/ti/mspgcc/bin/../lib/gcc/msp430-elf/4.9.1/libgcc.a(slli.o)
                              /home/reviewer/src/apps/app-rsa-alpaca-new/ext/libedb/bld/gcc/libedb.a(edb.o) (__mspabi_slli)
/opt/ti/mspgcc/bin/../lib/gcc/msp430-elf/4.9.1/libgcc.a(srai.o)
                              /home/reviewer/src/apps/app-rsa-alpaca-new/ext/libedb/bld/gcc/libedb.a(edb.o) (__mspabi_srai)
/opt/ti/mspgcc/bin/../lib/gcc/msp430-elf/4.9.1/../../../../msp430-elf/lib/libcrt.a(crt_bss.o)
                              /opt/ti/mspgcc/bin/../lib/gcc/msp430-elf/4.9.1/crtbegin.o (__crt0_init_bss)
/opt/ti/mspgcc/bin/../lib/gcc/msp430-elf/4.9.1/../../../../msp430-elf/lib/libcrt.a(crt_movedata.o)
                              /opt/ti/mspgcc/bin/../lib/gcc/msp430-elf/4.9.1/crtbegin.o (__crt0_movedata)
/opt/ti/mspgcc/bin/../lib/gcc/msp430-elf/4.9.1/../../../../msp430-elf/lib/libcrt.a(crt_main.o)
                              /opt/ti/mspgcc/bin/../lib/gcc/msp430-elf/4.9.1/../../../../msp430-elf/lib/crt0.o (__crt0_call_init_then_main)
/opt/ti/mspgcc/bin/../lib/gcc/msp430-elf/4.9.1/../../../../msp430-elf/lib/libc.a(lib_a-memmove.o)
                              /opt/ti/mspgcc/bin/../lib/gcc/msp430-elf/4.9.1/../../../../msp430-elf/lib/libcrt.a(crt_movedata.o) (memmove)
/opt/ti/mspgcc/bin/../lib/gcc/msp430-elf/4.9.1/../../../../msp430-elf/lib/libc.a(lib_a-memset.o)
                              /opt/ti/mspgcc/bin/../lib/gcc/msp430-elf/4.9.1/../../../../msp430-elf/lib/libcrt.a(crt_bss.o) (memset)

Discarded input sections

 .note.GNU-stack
                0x00000000        0x0 /tmp/ccE0Ga8s.o

Memory Configuration

Name             Origin             Length             Attributes
SFR              0x00000000         0x00000010
PERIPHERAL_8BIT  0x00000010         0x000000f0
PERIPHERAL_16BIT 0x00000100         0x00000100
RAM              0x00001c00         0x00000800
INFOMEM          0x00001800         0x00000200
INFOA            0x00001980         0x00000080
INFOB            0x00001900         0x00000080
INFOC            0x00001880         0x00000080
INFOD            0x00001800         0x00000080
ROM              0x00004400         0x0000bb80         xr
VECT1            0x0000ff90         0x00000002
VECT2            0x0000ff92         0x00000002
VECT3            0x0000ff94         0x00000002
VECT4            0x0000ff96         0x00000002
VECT5            0x0000ff98         0x00000002
VECT6            0x0000ff9a         0x00000002
VECT7            0x0000ff9c         0x00000002
VECT8            0x0000ff9e         0x00000002
VECT9            0x0000ffa0         0x00000002
VECT10           0x0000ffa2         0x00000002
VECT11           0x0000ffa4         0x00000002
VECT12           0x0000ffa6         0x00000002
VECT13           0x0000ffa8         0x00000002
VECT14           0x0000ffaa         0x00000002
VECT15           0x0000ffac         0x00000002
VECT16           0x0000ffae         0x00000002
VECT17           0x0000ffb0         0x00000002
VECT18           0x0000ffb2         0x00000002
VECT19           0x0000ffb4         0x00000002
VECT20           0x0000ffb6         0x00000002
VECT21           0x0000ffb8         0x00000002
VECT22           0x0000ffba         0x00000002
VECT23           0x0000ffbc         0x00000002
VECT24           0x0000ffbe         0x00000002
VECT25           0x0000ffc0         0x00000002
VECT26           0x0000ffc2         0x00000002
VECT27           0x0000ffc4         0x00000002
VECT28           0x0000ffc6         0x00000002
VECT29           0x0000ffc8         0x00000002
VECT30           0x0000ffca         0x00000002
VECT31           0x0000ffcc         0x00000002
VECT32           0x0000ffce         0x00000002
VECT33           0x0000ffd0         0x00000002
VECT34           0x0000ffd2         0x00000002
VECT35           0x0000ffd4         0x00000002
VECT36           0x0000ffd6         0x00000002
VECT37           0x0000ffd8         0x00000002
VECT38           0x0000ffda         0x00000002
VECT39           0x0000ffdc         0x00000002
VECT40           0x0000ffde         0x00000002
VECT41           0x0000ffe0         0x00000002
VECT42           0x0000ffe2         0x00000002
VECT43           0x0000ffe4         0x00000002
VECT44           0x0000ffe6         0x00000002
VECT45           0x0000ffe8         0x00000002
VECT46           0x0000ffea         0x00000002
VECT47           0x0000ffec         0x00000002
VECT48           0x0000ffee         0x00000002
VECT49           0x0000fff0         0x00000002
VECT50           0x0000fff2         0x00000002
VECT51           0x0000fff4         0x00000002
VECT52           0x0000fff6         0x00000002
VECT53           0x0000fff8         0x00000002
VECT54           0x0000fffa         0x00000002
VECT55           0x0000fffc         0x00000002
RESETVEC         0x0000fffe         0x00000002
BSL              0x00001000         0x00000800
HIFRAM           0x00010000         0x00003fff         xrw
*default*        0x00000000         0xffffffff

Linker script and memory map

LOAD /opt/ti/mspgcc/bin/../lib/gcc/msp430-elf/4.9.1/../../../../msp430-elf/lib/crt0.o
LOAD /opt/ti/mspgcc/bin/../lib/gcc/msp430-elf/4.9.1/crtbegin.o
LOAD /tmp/ccE0Ga8s.o
LOAD /home/reviewer/src/apps/app-rsa-alpaca-new/ext/libmspbuiltins/bld/gcc/libmspbuiltins.a
LOAD /home/reviewer/src/apps/app-rsa-alpaca-new/ext/libedb/bld/gcc/libedb.a
LOAD /home/reviewer/src/apps/app-rsa-alpaca-new/ext/libwispbase/bld/gcc/libwispbase.a
LOAD /opt/ti/mspgcc/bin/../lib/gcc/msp430-elf/4.9.1/libgcc.a
START GROUP
LOAD /opt/ti/mspgcc/bin/../lib/gcc/msp430-elf/4.9.1/../../../../msp430-elf/lib/libc.a
LOAD /opt/ti/mspgcc/bin/../lib/gcc/msp430-elf/4.9.1/libgcc.a
LOAD /opt/ti/mspgcc/bin/../lib/gcc/msp430-elf/4.9.1/../../../../msp430-elf/lib/libcrt.a
LOAD /opt/ti/mspgcc/bin/../lib/gcc/msp430-elf/4.9.1/../../../../msp430-elf/lib/libnosys.a
END GROUP
LOAD /opt/ti/mspgcc/bin/../lib/gcc/msp430-elf/4.9.1/libgcc.a
LOAD /opt/ti/mspgcc/bin/../lib/gcc/msp430-elf/4.9.1/crtend.o
LOAD /opt/ti/mspgcc/bin/../lib/gcc/msp430-elf/4.9.1/../../../../msp430-elf/lib/crtn.o
LOAD /opt/ti/mspgcc/bin/../lib/gcc/msp430-elf/4.9.1/libgcc.a

__interrupt_vector_1
 *(__interrupt_vector_1)

__interrupt_vector_2
 *(__interrupt_vector_2)

__interrupt_vector_3
 *(__interrupt_vector_3)

__interrupt_vector_4
 *(__interrupt_vector_4)

__interrupt_vector_5
 *(__interrupt_vector_5)

__interrupt_vector_6
 *(__interrupt_vector_6)

__interrupt_vector_7
 *(__interrupt_vector_7)

__interrupt_vector_8
 *(__interrupt_vector_8)

__interrupt_vector_9
 *(__interrupt_vector_9)

__interrupt_vector_10
 *(__interrupt_vector_10)

__interrupt_vector_11
 *(__interrupt_vector_11)

__interrupt_vector_12
 *(__interrupt_vector_12)

__interrupt_vector_13
 *(__interrupt_vector_13)

__interrupt_vector_14
 *(__interrupt_vector_14)

__interrupt_vector_15
 *(__interrupt_vector_15)

__interrupt_vector_16
 *(__interrupt_vector_16)

__interrupt_vector_17
 *(__interrupt_vector_17)

__interrupt_vector_18
 *(__interrupt_vector_18)

__interrupt_vector_19
 *(__interrupt_vector_19)

__interrupt_vector_20
 *(__interrupt_vector_20)

__interrupt_vector_21
 *(__interrupt_vector_21)

__interrupt_vector_22
 *(__interrupt_vector_22)

__interrupt_vector_23
 *(__interrupt_vector_23)

__interrupt_vector_24
 *(__interrupt_vector_24)

__interrupt_vector_25
 *(__interrupt_vector_25)

__interrupt_vector_26
 *(__interrupt_vector_26)

__interrupt_vector_27
 *(__interrupt_vector_27)

__interrupt_vector_28
 *(__interrupt_vector_28)

__interrupt_vector_29
 *(__interrupt_vector_29)

__interrupt_vector_30
 *(__interrupt_vector_30)

__interrupt_vector_31
 *(__interrupt_vector_31)
 *(__interrupt_vector_aes256)

__interrupt_vector_32
 *(__interrupt_vector_32)
 *(__interrupt_vector_rtc)

__interrupt_vector_33
 *(__interrupt_vector_33)
 *(__interrupt_vector_port4)

__interrupt_vector_34
 *(__interrupt_vector_34)
 *(__interrupt_vector_port3)

__interrupt_vector_35
 *(__interrupt_vector_35)
 *(__interrupt_vector_timer3_a1)

__interrupt_vector_36
 *(__interrupt_vector_36)
 *(__interrupt_vector_timer3_a0)

__interrupt_vector_37
 *(__interrupt_vector_37)
 *(__interrupt_vector_port2)

__interrupt_vector_38
 *(__interrupt_vector_38)
 *(__interrupt_vector_timer2_a1)

__interrupt_vector_39
 *(__interrupt_vector_39)
 *(__interrupt_vector_timer2_a0)

__interrupt_vector_40
                0x0000ffde        0x2
 *(__interrupt_vector_40)
 __interrupt_vector_40
                0x0000ffde        0x2 /home/reviewer/src/apps/app-rsa-alpaca-new/ext/libedb/bld/gcc/libedb.a(edb.o)
 *(__interrupt_vector_port1)

__interrupt_vector_41
 *(__interrupt_vector_41)
 *(__interrupt_vector_timer1_a1)

__interrupt_vector_42
 *(__interrupt_vector_42)
 *(__interrupt_vector_timer1_a0)

__interrupt_vector_43
 *(__interrupt_vector_43)
 *(__interrupt_vector_dma)

__interrupt_vector_44
 *(__interrupt_vector_44)
 *(__interrupt_vector_usci_a1)

__interrupt_vector_45
 *(__interrupt_vector_45)
 *(__interrupt_vector_timer0_a1)

__interrupt_vector_46
 *(__interrupt_vector_46)
 *(__interrupt_vector_timer0_a0)

__interrupt_vector_47
 *(__interrupt_vector_47)
 *(__interrupt_vector_adc12)

__interrupt_vector_48
 *(__interrupt_vector_48)
 *(__interrupt_vector_usci_b0)

__interrupt_vector_49
                0x0000fff0        0x2
 *(__interrupt_vector_49)
 __interrupt_vector_49
                0x0000fff0        0x2 /home/reviewer/src/apps/app-rsa-alpaca-new/ext/libwispbase/bld/gcc/libwispbase.a(uart.o)
 *(__interrupt_vector_usci_a0)

__interrupt_vector_50
 *(__interrupt_vector_50)
 *(__interrupt_vector_wdt)

__interrupt_vector_51
                0x0000fff4        0x2
 *(__interrupt_vector_51)
 *(__interrupt_vector_timer0_b1)
 __interrupt_vector_timer0_b1
                0x0000fff4        0x2 /tmp/ccE0Ga8s.o
                0x0000fff4                __vector_timer0_b1

__interrupt_vector_52
 *(__interrupt_vector_52)
 *(__interrupt_vector_timer0_b0)

__interrupt_vector_53
 *(__interrupt_vector_53)
 *(__interrupt_vector_comp_e)

__interrupt_vector_54
 *(__interrupt_vector_54)
 *(__interrupt_vector_unmi)

__interrupt_vector_55
 *(__interrupt_vector_55)
 *(__interrupt_vector_sysnmi)

__reset_vector  0x0000fffe        0x2
 *(__interrupt_vector_56)
 *(__interrupt_vector_reset)
 *(.resetvec)
 .resetvec      0x0000fffe        0x2 /opt/ti/mspgcc/bin/../lib/gcc/msp430-elf/4.9.1/../../../../msp430-elf/lib/crt0.o

.rodata         0x00004400       0x84
                0x00004400                . = ALIGN (0x2)
 *(.plt)
 *(.rodata .rodata.* .gnu.linkonce.r.* .const .const:*)
 .rodata.str1.1
                0x00004400       0x3a /tmp/ccE0Ga8s.o
                                 0x3f (size before relaxing)
 .rodata        0x0000443a       0x38 /tmp/ccE0Ga8s.o
 *(.rodata1)
 *(.lower.rodata.* .lower.rodata)
 *(.eh_frame_hdr)
 *(.eh_frame)
 *fill*         0x00004472        0x2 
 .eh_frame      0x00004474        0x0 /opt/ti/mspgcc/bin/../lib/gcc/msp430-elf/4.9.1/crtbegin.o
 .eh_frame      0x00004474        0x4 /opt/ti/mspgcc/bin/../lib/gcc/msp430-elf/4.9.1/crtend.o
 *(.gcc_except_table)
 *(.gcc_except_table.*)
                0x00004478                PROVIDE (__preinit_array_start, .)
 *(.preinit_array)
                0x00004478                PROVIDE (__preinit_array_end, .)
                0x00004478                PROVIDE (__init_array_start, .)
 *(SORT(.init_array.*))
 *(.init_array)
                0x00004478                PROVIDE (__init_array_end, .)
                0x00004478                PROVIDE (__fini_array_start, .)
 *(.fini_array)
 *(SORT(.fini_array.*))
                0x00004478                PROVIDE (__fini_array_end, .)
                0x00004478        0x4 LONG 0x0
 *crtbegin*.o(.ctors)
 .ctors         0x0000447c        0x2 /opt/ti/mspgcc/bin/../lib/gcc/msp430-elf/4.9.1/crtbegin.o
 *(EXCLUDE_FILE(*crtend*.o) .ctors)
 *(SORT(.ctors.*))
 *(.ctors)
 .ctors         0x0000447e        0x2 /opt/ti/mspgcc/bin/../lib/gcc/msp430-elf/4.9.1/crtend.o
 *crtbegin*.o(.dtors)
 .dtors         0x00004480        0x2 /opt/ti/mspgcc/bin/../lib/gcc/msp430-elf/4.9.1/crtbegin.o
 *(EXCLUDE_FILE(*crtend*.o) .dtors)
 *(SORT(.dtors.*))
 *(.dtors)
 .dtors         0x00004482        0x2 /opt/ti/mspgcc/bin/../lib/gcc/msp430-elf/4.9.1/crtend.o
                0x00004482                __DTOR_END__

.nv             0x00004484      0x664
                0x00004484                . = ALIGN (0x2)
                0x00004484                PROVIDE (__fram_vars_start, .)
 *(.ro_nv_vars)
 .ro_nv_vars    0x00004484       0x1e /tmp/ccE0Ga8s.o
 *(.nv_vars)
 .nv_vars       0x000044a2      0x644 /tmp/ccE0Ga8s.o
                0x000044a2                _task_task_init
                0x000044cc                _task_task_pad
                0x000044f6                _task_task_exp
                0x00004520                _task_task_mult_block
                0x0000454a                _task_task_mult_block_get_result
                0x00004574                _task_task_square_base
                0x0000459e                _task_task_square_base_get_result
                0x000045c8                _task_task_print_cyphertext
                0x000045f2                _task_task_mult_mod
                0x0000461c                _task_task_mult
                0x00004646                _task_task_reduce_digits
                0x00004670                _task_task_reduce_normalizable
                0x0000469a                _task_task_reduce_normalize
                0x000046c4                _task_task_reduce_n_divisor
                0x000046ee                _task_task_reduce_quotient
                0x00004718                _task_task_reduce_multiply
                0x00004742                _task_task_reduce_compare
                0x0000476c                _task_task_reduce_add
                0x00004796                _task_task_reduce_subtract
                0x000047c0                _task_task_print_product
                0x000047ea                _global_modulus
                0x0000480a                _global_exponent_bak
                0x0000480c                _global_exponent
                0x0000480e                _global_message_length
                0x00004810                _global_block_offset_bak
                0x00004812                _global_block_offset
                0x00004814                _global_cyphertext_len_bak
                0x00004816                _global_cyphertext_len
                0x00004818                _global_base
                0x00004858                _global_block
                0x00004898                _global_next_task
                0x0000489a                _global_product_bak
                0x000048da                _global_product_isDirty
                0x0000491a                _global_product
                0x0000495a                _global_cyphertext
                0x0000497a                _global_digit_bak
                0x0000497c                _global_digit
                0x0000497e                _global_carry_bak
                0x00004980                _global_carry
                0x00004982                _global_print_which
                0x00004984                _global_next_task_print
                0x00004986                _global_reduce_bak
                0x00004988                _global_reduce
                0x0000498a                _global_offset
                0x0000498c                _global_n_div
                0x0000498e                _global_quotient_bak
                0x00004990                _global_quotient
                0x00004992                _global_product2
                0x000049d2                _task__entry_task
                0x000049fc                _global_exponent_next
                0x000049fe                data_src
                0x00004a3e                data_dest
                0x00004a7e                data_size
                0x00004abe                data_src_base
                0x00004ac0                data_dest_base
                0x00004ac2                data_size_base
                0x00004ac4                gv_index
                0x00004ac6                num_dirty_gv
                0x00004ac8                curtime
                0x00004aca                context_3
                0x00004ad0                context_2
                0x00004ad6                context_1
                0x00004adc                context_0
                0x00004ae2                curctx
                0x00004ae4                _numBoots
 .nv_vars       0x00004ae6        0x2 /home/reviewer/src/apps/app-rsa-alpaca-new/ext/libedb/bld/gcc/libedb.a(edb.o)
                0x00004ae6                _libedb_internal_breakpoints
 *(.fram_vars)
                0x00004ae8                . = ALIGN (0x2)
                0x00004ae8                PROVIDE (__fram_vars_end, .)

.upper.rodata
 *(.upper.rodata.* .upper.rodata)

.data           0x00001c00        0x4 load address 0x00004ae8
                0x00001c00                . = ALIGN (0x2)
                0x00001c00                PROVIDE (__datastart, .)
 *(.jcr)
 .jcr           0x00001c00        0x0 /opt/ti/mspgcc/bin/../lib/gcc/msp430-elf/4.9.1/crtbegin.o
 .jcr           0x00001c00        0x2 /opt/ti/mspgcc/bin/../lib/gcc/msp430-elf/4.9.1/crtend.o
 *(.data.rel.ro.local)
 *(.data.rel.ro*)
 *(.dynamic)
 *(.data .data.* .gnu.linkonce.d.*)
 .data          0x00001c02        0x0 /opt/ti/mspgcc/bin/../lib/gcc/msp430-elf/4.9.1/../../../../msp430-elf/lib/crt0.o
 .data          0x00001c02        0x2 /opt/ti/mspgcc/bin/../lib/gcc/msp430-elf/4.9.1/crtbegin.o
                0x00001c02                __dso_handle
 .data          0x00001c04        0x0 /tmp/ccE0Ga8s.o
 .data          0x00001c04        0x0 /home/reviewer/src/apps/app-rsa-alpaca-new/ext/libmspbuiltins/bld/gcc/libmspbuiltins.a(builtins.o)
 .data          0x00001c04        0x0 /home/reviewer/src/apps/app-rsa-alpaca-new/ext/libedb/bld/gcc/libedb.a(edb.o)
 .data          0x00001c04        0x0 /home/reviewer/src/apps/app-rsa-alpaca-new/ext/libedb/bld/gcc/libedb.a(io.o)
 .data          0x00001c04        0x0 /home/reviewer/src/apps/app-rsa-alpaca-new/ext/libwispbase/bld/gcc/libwispbase.a(uart.o)
 .data          0x00001c04        0x0 /opt/ti/mspgcc/bin/../lib/gcc/msp430-elf/4.9.1/libgcc.a(slli.o)
 .data          0x00001c04        0x0 /opt/ti/mspgcc/bin/../lib/gcc/msp430-elf/4.9.1/libgcc.a(srai.o)
 .data          0x00001c04        0x0 /opt/ti/mspgcc/bin/../lib/gcc/msp430-elf/4.9.1/../../../../msp430-elf/lib/libcrt.a(crt_bss.o)
 .data          0x00001c04        0x0 /opt/ti/mspgcc/bin/../lib/gcc/msp430-elf/4.9.1/../../../../msp430-elf/lib/libcrt.a(crt_movedata.o)
 .data          0x00001c04        0x0 /opt/ti/mspgcc/bin/../lib/gcc/msp430-elf/4.9.1/../../../../msp430-elf/lib/libcrt.a(crt_main.o)
 .data          0x00001c04        0x0 /opt/ti/mspgcc/bin/../lib/gcc/msp430-elf/4.9.1/../../../../msp430-elf/lib/libc.a(lib_a-memmove.o)
 .data          0x00001c04        0x0 /opt/ti/mspgcc/bin/../lib/gcc/msp430-elf/4.9.1/../../../../msp430-elf/lib/libc.a(lib_a-memset.o)
 .data          0x00001c04        0x0 /opt/ti/mspgcc/bin/../lib/gcc/msp430-elf/4.9.1/crtend.o
 .data          0x00001c04        0x0 /opt/ti/mspgcc/bin/../lib/gcc/msp430-elf/4.9.1/../../../../msp430-elf/lib/crtn.o
 *(.gnu.linkonce.d.*personality*)
 *(.data1)
 *(.got.plt)
 *(.got)
                0x00001c04                . = ALIGN (0x2)
 *(.sdata .sdata.* .gnu.linkonce.s.* D_2 D_1)
                0x00001c04                . = ALIGN (0x2)
 *(.lower.data.* .lower.data)
                0x00001c04                . = ALIGN (0x2)
                0x00001c04                _edata = .
                0x00001c04                PROVIDE (edata, .)
                0x00001c04                PROVIDE (__dataend, .)
                0x00004ae8                PROVIDE (__romdatastart, LOADADDR (.data))
                0x00000004                PROVIDE (__romdatacopysize, SIZEOF (.data))

.upper.data     0x00010000        0x2 load address 0x00004aec
                0x00004aec                __upper_data_init = LOADADDR (.upper.data)
                0x00010000        0x2 SHORT 0x1
                0x00010002                __high_datastart = .
 *(.upper.data.* .upper.data)
                0x00010002                __high_dataend = .
                0x00000000                __rom_highdatacopysize = (SIZEOF (.upper.data) - 0x2)
                0x00004aee                __rom_highdatastart = (LOADADDR (.upper.data) + 0x2)

.bss            0x00001c04       0xc4
                0x00001c04                . = ALIGN (0x2)
                0x00001c04                PROVIDE (__bssstart, .)
 *(.dynbss)
 *(.sbss .sbss.*)
 *(.bss .bss.* .gnu.linkonce.b.*)
 .bss           0x00001c04        0x0 /opt/ti/mspgcc/bin/../lib/gcc/msp430-elf/4.9.1/../../../../msp430-elf/lib/crt0.o
 .bss           0x00001c04       0x12 /opt/ti/mspgcc/bin/../lib/gcc/msp430-elf/4.9.1/crtbegin.o
 .bss           0x00001c16        0xc /tmp/ccE0Ga8s.o
                0x00001c16                overflow
                0x00001c18                rcount
                0x00001c1a                wcount
                0x00001c1c                tcount
                0x00001c1e                max_num_dirty_gv
 .bss           0x00001c22        0x0 /home/reviewer/src/apps/app-rsa-alpaca-new/ext/libmspbuiltins/bld/gcc/libmspbuiltins.a(builtins.o)
 .bss           0x00001c22       0x64 /home/reviewer/src/apps/app-rsa-alpaca-new/ext/libedb/bld/gcc/libedb.a(edb.o)
 .bss           0x00001c86       0x36 /home/reviewer/src/apps/app-rsa-alpaca-new/ext/libedb/bld/gcc/libedb.a(io.o)
 .bss           0x00001cbc        0xc /home/reviewer/src/apps/app-rsa-alpaca-new/ext/libwispbase/bld/gcc/libwispbase.a(uart.o)
 .bss           0x00001cc8        0x0 /opt/ti/mspgcc/bin/../lib/gcc/msp430-elf/4.9.1/libgcc.a(slli.o)
 .bss           0x00001cc8        0x0 /opt/ti/mspgcc/bin/../lib/gcc/msp430-elf/4.9.1/libgcc.a(srai.o)
 .bss           0x00001cc8        0x0 /opt/ti/mspgcc/bin/../lib/gcc/msp430-elf/4.9.1/../../../../msp430-elf/lib/libcrt.a(crt_bss.o)
 .bss           0x00001cc8        0x0 /opt/ti/mspgcc/bin/../lib/gcc/msp430-elf/4.9.1/../../../../msp430-elf/lib/libcrt.a(crt_movedata.o)
 .bss           0x00001cc8        0x0 /opt/ti/mspgcc/bin/../lib/gcc/msp430-elf/4.9.1/../../../../msp430-elf/lib/libcrt.a(crt_main.o)
 .bss           0x00001cc8        0x0 /opt/ti/mspgcc/bin/../lib/gcc/msp430-elf/4.9.1/../../../../msp430-elf/lib/libc.a(lib_a-memmove.o)
 .bss           0x00001cc8        0x0 /opt/ti/mspgcc/bin/../lib/gcc/msp430-elf/4.9.1/../../../../msp430-elf/lib/libc.a(lib_a-memset.o)
 .bss           0x00001cc8        0x0 /opt/ti/mspgcc/bin/../lib/gcc/msp430-elf/4.9.1/crtend.o
 .bss           0x00001cc8        0x0 /opt/ti/mspgcc/bin/../lib/gcc/msp430-elf/4.9.1/../../../../msp430-elf/lib/crtn.o
 *(.lower.bss.* .lower.bss)
                0x00001cc8                . = ALIGN (0x2)
 *(COMMON)
                0x00001cc8                PROVIDE (__bssend, .)
                0x000000c4                PROVIDE (__bsssize, SIZEOF (.bss))

.noinit         0x00001cc8        0x0
                0x00001cc8                . = ALIGN (0x2)
                0x00001cc8                PROVIDE (__noinit_start, .)
 *(.noinit)
                0x00001cc8                . = ALIGN (0x2)
                0x00001cc8                PROVIDE (__noinit_end, .)
                0x00001cc8                _end = .
                0x00001cc8                PROVIDE (end, .)

.upper.bss      0x00010002        0x0
                0x00010002                . = ALIGN (0x2)
                0x00010002                __high_bssstart = .
 *(.upper.bss.* .upper.bss)
                0x00010002                . = ALIGN (0x2)
                0x00010002                __high_bssend = .

.stack          0x00002400        0x0
                0x00002400                PROVIDE (__stack, .)
 *(.stack)

.text           0x00004af0     0x277a
                0x00004af0                PROVIDE (_start, .)
                0x00004af0                . = ALIGN (0x2)
 *(SORT(.crt_*))
 .crt_0000start
                0x00004af0        0x4 /opt/ti/mspgcc/bin/../lib/gcc/msp430-elf/4.9.1/../../../../msp430-elf/lib/crt0.o
                0x00004af0                __crt0_start
 .crt_0100init_bss
                0x00004af4        0xe /opt/ti/mspgcc/bin/../lib/gcc/msp430-elf/4.9.1/../../../../msp430-elf/lib/libcrt.a(crt_bss.o)
                0x00004af4                __crt0_init_bss
 .crt_0300movedata
                0x00004b02       0x14 /opt/ti/mspgcc/bin/../lib/gcc/msp430-elf/4.9.1/../../../../msp430-elf/lib/libcrt.a(crt_movedata.o)
                0x00004b02                __crt0_movedata
 .crt_0700call_init_then_main
                0x00004b16        0xa /opt/ti/mspgcc/bin/../lib/gcc/msp430-elf/4.9.1/../../../../msp430-elf/lib/libcrt.a(crt_main.o)
                0x00004b16                __crt0_call_init_then_main
 .crt_0900main_init
                0x00004b20       0x36 /opt/ti/mspgcc/bin/../lib/gcc/msp430-elf/4.9.1/../../../../msp430-elf/lib/crt0.o
                0x00004b20                _msp430_run_init_array
                0x00004b2c                _msp430_run_preinit_array
                0x00004b38                _msp430_run_fini_array
                0x00004b56                . = ALIGN (0x2)
 *(.lowtext)
                0x00004b56                . = ALIGN (0x2)
 *(.lower.text.* .lower.text)
                0x00004b56                . = ALIGN (0x2)
 *(.text .stub .text.* .gnu.linkonce.t.* .text:*)
 .text          0x00004b56        0x0 /opt/ti/mspgcc/bin/../lib/gcc/msp430-elf/4.9.1/../../../../msp430-elf/lib/crt0.o
 .text          0x00004b56       0xc6 /opt/ti/mspgcc/bin/../lib/gcc/msp430-elf/4.9.1/crtbegin.o
 .text          0x00004c1c     0x1b80 /tmp/ccE0Ga8s.o
                0x00004c1c                TimerB1_ISR
                0x00004c1c                __interrupt_vector_51
                0x00004c6c                init
                0x00004ce0                task_init
                0x00004d40                task_pad
                0x00004e98                task_exp
                0x00004efc                task_mult_block
                0x00004f14                task_mult_block_get_result
                0x00005008                task_square_base
                0x00005020                task_square_base_get_result
                0x00005064                task_print_cyphertext
                0x00005160                task_mult_mod
                0x00005178                task_mult
                0x000052d4                task_reduce_digits
                0x00005368                task_reduce_normalizable
                0x00005438                task_reduce_normalize
                0x0000557c                task_reduce_n_divisor
                0x000055ac                task_reduce_quotient
                0x000056f4                task_reduce_multiply
                0x000057dc                task_reduce_compare
                0x00005868                task_reduce_add
                0x00005a58                task_reduce_subtract
                0x00005bac                task_print_product
                0x00005bf0                _entry_task
                0x00005c00                _init
                0x00005c0c                clear_isDirty
                0x00005c38                msp_watchdog_enable
                0x00005c50                msp_watchdog_disable
                0x00005c60                msp_watchdog_kick
                0x00005c74                memcpy
                0x00005cc8                my_memset
                0x00005ce0                msp_clock_setup
                0x00005d00                mult16
                0x00005d14                sqrt16
                0x00005e34                udivmodhi4
                0x00005f44                __divhi3
                0x00005fec                __modhi3
                0x00006078                __udivhi3
                0x000060a8                __umodhi3
                0x000060d8                puts
                0x00006120                printf
                0x00006590                task_prologue
                0x00006664                transition_to
                0x00006700                write_to_gbuf
                0x00006778                main
 .text          0x0000679c        0xe /home/reviewer/src/apps/app-rsa-alpaca-new/ext/libmspbuiltins/bld/gcc/libmspbuiltins.a(builtins.o)
                0x0000679c                __mulhi3hw_noint
 .text          0x000067aa      0x5c4 /home/reviewer/src/apps/app-rsa-alpaca-new/ext/libedb/bld/gcc/libedb.a(edb.o)
                0x000068a2                exit_debug_mode
                0x000068be                request_debug_mode
                0x000068f4                request_non_interactive_debug_mode
                0x00006902                request_energy_guard_debug_mode
                0x00006910                resume_application
                0x0000692e                mem_addr_from_bytes
                0x0000693c                edb_init
                0x00006962                edb_set_app_output_cb
                0x00006968                PORT1_ISR
 .text          0x00006d6e      0x148 /home/reviewer/src/apps/app-rsa-alpaca-new/ext/libedb/bld/gcc/libedb.a(io.o)
                0x00006e02                io_putchar
                0x00006e0e                io_putchar_c
                0x00006e58                io_puts_no_newline
                0x00006e60                io_puts
                0x00006e68                edb_output_app_data
 .text          0x00006eb6      0x23e /home/reviewer/src/apps/app-rsa-alpaca-new/ext/libwispbase/bld/gcc/libwispbase.a(uart.o)
                0x00006eb6                UART_init
                0x00006ef8                UART_teardown
                0x00006f1e                UART_asyncSend
                0x00006f42                UART_send
                0x00006f52                UART_critSend
                0x00006fb8                UART_isTxBusy
                0x00006fbe                UART_asyncReceive
                0x00006fe4                UART_receive
                0x00006ff6                UART_critReceive
                0x0000705c                UART_isRxBusy
                0x00007062                UART_isRxDone
                0x00007070                USCI_A0_ISR
 .text          0x000070f4       0x74 /opt/ti/mspgcc/bin/../lib/gcc/msp430-elf/4.9.1/libgcc.a(slli.o)
                0x000070f4                __mspabi_slli_15
                0x000070f6                __mspabi_slli_14
                0x000070f8                __mspabi_slli_13
                0x000070fa                __mspabi_slli_12
                0x000070fc                __mspabi_slli_11
                0x000070fe                __mspabi_slli_10
                0x00007100                __mspabi_slli_9
                0x00007102                __mspabi_slli_8
                0x00007104                __mspabi_slli_7
                0x00007106                __mspabi_slli_6
                0x00007108                __mspabi_slli_5
                0x0000710a                __mspabi_slli_4
                0x0000710c                __mspabi_slli_3
                0x0000710e                __mspabi_slli_2
                0x00007110                __mspabi_slli_1
                0x00007118                __mspabi_slli
                0x0000711e                __mspabi_slll_15
                0x00007122                __mspabi_slll_14
                0x00007126                __mspabi_slll_13
                0x0000712a                __mspabi_slll_12
                0x0000712e                __mspabi_slll_11
                0x00007132                __mspabi_slll_10
                0x00007136                __mspabi_slll_9
                0x0000713a                __mspabi_slll_8
                0x0000713e                __mspabi_slll_7
                0x00007142                __mspabi_slll_6
                0x00007146                __mspabi_slll_5
                0x0000714a                __mspabi_slll_4
                0x0000714e                __mspabi_slll_3
                0x00007152                __mspabi_slll_2
                0x00007156                __mspabi_slll_1
                0x00007162                __mspabi_slll
 .text          0x00007168       0x74 /opt/ti/mspgcc/bin/../lib/gcc/msp430-elf/4.9.1/libgcc.a(srai.o)
                0x00007168                __mspabi_srai_15
                0x0000716a                __mspabi_srai_14
                0x0000716c                __mspabi_srai_13
                0x0000716e                __mspabi_srai_12
                0x00007170                __mspabi_srai_11
                0x00007172                __mspabi_srai_10
                0x00007174                __mspabi_srai_9
                0x00007176                __mspabi_srai_8
                0x00007178                __mspabi_srai_7
                0x0000717a                __mspabi_srai_6
                0x0000717c                __mspabi_srai_5
                0x0000717e                __mspabi_srai_4
                0x00007180                __mspabi_srai_3
                0x00007182                __mspabi_srai_2
                0x00007184                __mspabi_srai_1
                0x0000718c                __mspabi_srai
                0x00007192                __mspabi_sral_15
                0x00007196                __mspabi_sral_14
                0x0000719a                __mspabi_sral_13
                0x0000719e                __mspabi_sral_12
                0x000071a2                __mspabi_sral_11
                0x000071a6                __mspabi_sral_10
                0x000071aa                __mspabi_sral_9
                0x000071ae                __mspabi_sral_8
                0x000071b2                __mspabi_sral_7
                0x000071b6                __mspabi_sral_6
                0x000071ba                __mspabi_sral_5
                0x000071be                __mspabi_sral_4
                0x000071c2                __mspabi_sral_3
                0x000071c6                __mspabi_sral_2
                0x000071ca                __mspabi_sral_1
                0x000071d6                __mspabi_sral
 .text          0x000071dc        0x0 /opt/ti/mspgcc/bin/../lib/gcc/msp430-elf/4.9.1/../../../../msp430-elf/lib/libcrt.a(crt_bss.o)
 .text          0x000071dc        0x0 /opt/ti/mspgcc/bin/../lib/gcc/msp430-elf/4.9.1/../../../../msp430-elf/lib/libcrt.a(crt_movedata.o)
 .text          0x000071dc        0x0 /opt/ti/mspgcc/bin/../lib/gcc/msp430-elf/4.9.1/../../../../msp430-elf/lib/libcrt.a(crt_main.o)
 .text          0x000071dc        0x0 /opt/ti/mspgcc/bin/../lib/gcc/msp430-elf/4.9.1/../../../../msp430-elf/lib/libc.a(lib_a-memmove.o)
 .text.memmove  0x000071dc       0x40 /opt/ti/mspgcc/bin/../lib/gcc/msp430-elf/4.9.1/../../../../msp430-elf/lib/libc.a(lib_a-memmove.o)
                0x000071dc                memmove
 .text          0x0000721c        0x0 /opt/ti/mspgcc/bin/../lib/gcc/msp430-elf/4.9.1/../../../../msp430-elf/lib/libc.a(lib_a-memset.o)
 .text.memset   0x0000721c       0x12 /opt/ti/mspgcc/bin/../lib/gcc/msp430-elf/4.9.1/../../../../msp430-elf/lib/libc.a(lib_a-memset.o)
                0x0000721c                memset
 .text          0x0000722e       0x20 /opt/ti/mspgcc/bin/../lib/gcc/msp430-elf/4.9.1/crtend.o
 .text          0x0000724e        0x0 /opt/ti/mspgcc/bin/../lib/gcc/msp430-elf/4.9.1/../../../../msp430-elf/lib/crtn.o
 *(.text.*personality*)
 *(.gnu.warning)
 *(.interp .hash .dynsym .dynstr .gnu.version*)
                0x0000724e                PROVIDE (__etext, .)
                0x0000724e                PROVIDE (_etext, .)
                0x0000724e                PROVIDE (etext, .)
                0x0000724e                . = ALIGN (0x2)
 *(.init)
 .init          0x0000724e        0x0 /opt/ti/mspgcc/bin/../lib/gcc/msp430-elf/4.9.1/../../../../msp430-elf/lib/crt0.o
                0x0000724e                __msp430_init
 .init          0x0000724e        0x4 /opt/ti/mspgcc/bin/../lib/gcc/msp430-elf/4.9.1/crtbegin.o
 .init          0x00007252        0x4 /opt/ti/mspgcc/bin/../lib/gcc/msp430-elf/4.9.1/crtend.o
 .init          0x00007256        0xa /opt/ti/mspgcc/bin/../lib/gcc/msp430-elf/4.9.1/../../../../msp430-elf/lib/crtn.o
                0x00007260                __msp430_init_end
 *(.fini)
 .fini          0x00007260        0x4 /opt/ti/mspgcc/bin/../lib/gcc/msp430-elf/4.9.1/../../../../msp430-elf/lib/crt0.o
                0x00007260                __msp430_fini
 .fini          0x00007264        0x4 /opt/ti/mspgcc/bin/../lib/gcc/msp430-elf/4.9.1/crtbegin.o
 .fini          0x00007268        0x2 /opt/ti/mspgcc/bin/../lib/gcc/msp430-elf/4.9.1/../../../../msp430-elf/lib/crtn.o
                0x0000726a                __msp430_fini_end
 *(.tm_clone_table)
 .tm_clone_table
                0x0000726a        0x0 /opt/ti/mspgcc/bin/../lib/gcc/msp430-elf/4.9.1/crtbegin.o
 .tm_clone_table
                0x0000726a        0x0 /opt/ti/mspgcc/bin/../lib/gcc/msp430-elf/4.9.1/crtend.o
                0x0000726a                __TMC_END__

.upper.text     0x00010002        0x0
                0x00010002                . = ALIGN (0x2)
 *(.upper.text.* .upper.text)

.infoA

.infoB

.infoC

.infoD

.MP430.attributes
                0x00000000      0x170
 *(.MSP430.attributes)
 .MSP430.attributes
                0x00000000       0x17 /opt/ti/mspgcc/bin/../lib/gcc/msp430-elf/4.9.1/../../../../msp430-elf/lib/crt0.o
 .MSP430.attributes
                0x00000017       0x17 /opt/ti/mspgcc/bin/../lib/gcc/msp430-elf/4.9.1/crtbegin.o
 .MSP430.attributes
                0x0000002e       0x17 /tmp/ccE0Ga8s.o
 .MSP430.attributes
                0x00000045       0x17 /home/reviewer/src/apps/app-rsa-alpaca-new/ext/libmspbuiltins/bld/gcc/libmspbuiltins.a(builtins.o)
 .MSP430.attributes
                0x0000005c       0x17 /home/reviewer/src/apps/app-rsa-alpaca-new/ext/libedb/bld/gcc/libedb.a(edb.o)
 .MSP430.attributes
                0x00000073       0x17 /home/reviewer/src/apps/app-rsa-alpaca-new/ext/libedb/bld/gcc/libedb.a(io.o)
 .MSP430.attributes
                0x0000008a       0x17 /home/reviewer/src/apps/app-rsa-alpaca-new/ext/libwispbase/bld/gcc/libwispbase.a(uart.o)
 .MSP430.attributes
                0x000000a1       0x17 /opt/ti/mspgcc/bin/../lib/gcc/msp430-elf/4.9.1/libgcc.a(slli.o)
 .MSP430.attributes
                0x000000b8       0x17 /opt/ti/mspgcc/bin/../lib/gcc/msp430-elf/4.9.1/libgcc.a(srai.o)
 .MSP430.attributes
                0x000000cf       0x17 /opt/ti/mspgcc/bin/../lib/gcc/msp430-elf/4.9.1/../../../../msp430-elf/lib/libcrt.a(crt_bss.o)
 .MSP430.attributes
                0x000000e6       0x17 /opt/ti/mspgcc/bin/../lib/gcc/msp430-elf/4.9.1/../../../../msp430-elf/lib/libcrt.a(crt_movedata.o)
 .MSP430.attributes
                0x000000fd       0x17 /opt/ti/mspgcc/bin/../lib/gcc/msp430-elf/4.9.1/../../../../msp430-elf/lib/libcrt.a(crt_main.o)
 .MSP430.attributes
                0x00000114       0x17 /opt/ti/mspgcc/bin/../lib/gcc/msp430-elf/4.9.1/../../../../msp430-elf/lib/libc.a(lib_a-memmove.o)
 .MSP430.attributes
                0x0000012b       0x17 /opt/ti/mspgcc/bin/../lib/gcc/msp430-elf/4.9.1/../../../../msp430-elf/lib/libc.a(lib_a-memset.o)
 .MSP430.attributes
                0x00000142       0x17 /opt/ti/mspgcc/bin/../lib/gcc/msp430-elf/4.9.1/crtend.o
 .MSP430.attributes
                0x00000159       0x17 /opt/ti/mspgcc/bin/../lib/gcc/msp430-elf/4.9.1/../../../../msp430-elf/lib/crtn.o
 *(.gnu.attributes)
 *(__TI_build_attributes)

.stab
 *(.stab)

.stabstr
 *(.stabstr)

.stab.excl
 *(.stab.excl)

.stab.exclstr
 *(.stab.exclstr)

.stab.index
 *(.stab.index)

.stab.indexstr
 *(.stab.indexstr)

.comment        0x00000000      0x1c6
 *(.comment)
 .comment       0x00000000       0x7c /opt/ti/mspgcc/bin/../lib/gcc/msp430-elf/4.9.1/crtbegin.o
                                 0x7d (size before relaxing)
 .comment       0x0000007c      0x14a /tmp/ccE0Ga8s.o
                                0x718 (size before relaxing)
 .comment       0x00000000       0x7d /home/reviewer/src/apps/app-rsa-alpaca-new/ext/libedb/bld/gcc/libedb.a(edb.o)
 .comment       0x00000000       0x7d /home/reviewer/src/apps/app-rsa-alpaca-new/ext/libedb/bld/gcc/libedb.a(io.o)
 .comment       0x00000000       0x7d /home/reviewer/src/apps/app-rsa-alpaca-new/ext/libwispbase/bld/gcc/libwispbase.a(uart.o)
 .comment       0x00000000       0x7d /opt/ti/mspgcc/bin/../lib/gcc/msp430-elf/4.9.1/../../../../msp430-elf/lib/libc.a(lib_a-memmove.o)
 .comment       0x00000000       0x7d /opt/ti/mspgcc/bin/../lib/gcc/msp430-elf/4.9.1/../../../../msp430-elf/lib/libc.a(lib_a-memset.o)
 .comment       0x00000000       0x7d /opt/ti/mspgcc/bin/../lib/gcc/msp430-elf/4.9.1/crtend.o

.debug
 *(.debug)

.line
 *(.line)

.debug_srcinfo
 *(.debug_srcinfo)

.debug_sfnames
 *(.debug_sfnames)

.debug_aranges  0x00000000      0x158
 *(.debug_aranges)
 .debug_aranges
                0x00000000       0x30 /opt/ti/mspgcc/bin/../lib/gcc/msp430-elf/4.9.1/../../../../msp430-elf/lib/crt0.o
 .debug_aranges
                0x00000030       0x20 /home/reviewer/src/apps/app-rsa-alpaca-new/ext/libedb/bld/gcc/libedb.a(edb.o)
 .debug_aranges
                0x00000050       0x20 /home/reviewer/src/apps/app-rsa-alpaca-new/ext/libedb/bld/gcc/libedb.a(io.o)
 .debug_aranges
                0x00000070       0x20 /home/reviewer/src/apps/app-rsa-alpaca-new/ext/libwispbase/bld/gcc/libwispbase.a(uart.o)
 .debug_aranges
                0x00000090       0x20 /opt/ti/mspgcc/bin/../lib/gcc/msp430-elf/4.9.1/../../../../msp430-elf/lib/libcrt.a(crt_bss.o)
 .debug_aranges
                0x000000b0       0x20 /opt/ti/mspgcc/bin/../lib/gcc/msp430-elf/4.9.1/../../../../msp430-elf/lib/libcrt.a(crt_movedata.o)
 .debug_aranges
                0x000000d0       0x20 /opt/ti/mspgcc/bin/../lib/gcc/msp430-elf/4.9.1/../../../../msp430-elf/lib/libcrt.a(crt_main.o)
 .debug_aranges
                0x000000f0       0x20 /opt/ti/mspgcc/bin/../lib/gcc/msp430-elf/4.9.1/../../../../msp430-elf/lib/libc.a(lib_a-memmove.o)
 .debug_aranges
                0x00000110       0x20 /opt/ti/mspgcc/bin/../lib/gcc/msp430-elf/4.9.1/../../../../msp430-elf/lib/libc.a(lib_a-memset.o)
 .debug_aranges
                0x00000130       0x28 /opt/ti/mspgcc/bin/../lib/gcc/msp430-elf/4.9.1/../../../../msp430-elf/lib/crtn.o

.debug_pubnames
 *(.debug_pubnames)

.debug_info     0x00000000     0x18a4
 *(.debug_info .gnu.linkonce.wi.*)
 .debug_info    0x00000000       0xce /opt/ti/mspgcc/bin/../lib/gcc/msp430-elf/4.9.1/../../../../msp430-elf/lib/crt0.o
 .debug_info    0x000000ce      0xbc7 /home/reviewer/src/apps/app-rsa-alpaca-new/ext/libedb/bld/gcc/libedb.a(edb.o)
 .debug_info    0x00000c95      0x31b /home/reviewer/src/apps/app-rsa-alpaca-new/ext/libedb/bld/gcc/libedb.a(io.o)
 .debug_info    0x00000fb0      0x3e3 /home/reviewer/src/apps/app-rsa-alpaca-new/ext/libwispbase/bld/gcc/libwispbase.a(uart.o)
 .debug_info    0x00001393       0xd2 /opt/ti/mspgcc/bin/../lib/gcc/msp430-elf/4.9.1/../../../../msp430-elf/lib/libcrt.a(crt_bss.o)
 .debug_info    0x00001465       0xd2 /opt/ti/mspgcc/bin/../lib/gcc/msp430-elf/4.9.1/../../../../msp430-elf/lib/libcrt.a(crt_movedata.o)
 .debug_info    0x00001537       0xd2 /opt/ti/mspgcc/bin/../lib/gcc/msp430-elf/4.9.1/../../../../msp430-elf/lib/libcrt.a(crt_main.o)
 .debug_info    0x00001609       0xfe /opt/ti/mspgcc/bin/../lib/gcc/msp430-elf/4.9.1/../../../../msp430-elf/lib/libc.a(lib_a-memmove.o)
 .debug_info    0x00001707       0xcf /opt/ti/mspgcc/bin/../lib/gcc/msp430-elf/4.9.1/../../../../msp430-elf/lib/libc.a(lib_a-memset.o)
 .debug_info    0x000017d6       0xce /opt/ti/mspgcc/bin/../lib/gcc/msp430-elf/4.9.1/../../../../msp430-elf/lib/crtn.o

.debug_abbrev   0x00000000      0x7a9
 *(.debug_abbrev)
 .debug_abbrev  0x00000000       0x12 /opt/ti/mspgcc/bin/../lib/gcc/msp430-elf/4.9.1/../../../../msp430-elf/lib/crt0.o
 .debug_abbrev  0x00000012      0x397 /home/reviewer/src/apps/app-rsa-alpaca-new/ext/libedb/bld/gcc/libedb.a(edb.o)
 .debug_abbrev  0x000003a9      0x137 /home/reviewer/src/apps/app-rsa-alpaca-new/ext/libedb/bld/gcc/libedb.a(io.o)
 .debug_abbrev  0x000004e0      0x155 /home/reviewer/src/apps/app-rsa-alpaca-new/ext/libwispbase/bld/gcc/libwispbase.a(uart.o)
 .debug_abbrev  0x00000635       0x14 /opt/ti/mspgcc/bin/../lib/gcc/msp430-elf/4.9.1/../../../../msp430-elf/lib/libcrt.a(crt_bss.o)
 .debug_abbrev  0x00000649       0x14 /opt/ti/mspgcc/bin/../lib/gcc/msp430-elf/4.9.1/../../../../msp430-elf/lib/libcrt.a(crt_movedata.o)
 .debug_abbrev  0x0000065d       0x14 /opt/ti/mspgcc/bin/../lib/gcc/msp430-elf/4.9.1/../../../../msp430-elf/lib/libcrt.a(crt_main.o)
 .debug_abbrev  0x00000671       0x9a /opt/ti/mspgcc/bin/../lib/gcc/msp430-elf/4.9.1/../../../../msp430-elf/lib/libc.a(lib_a-memmove.o)
 .debug_abbrev  0x0000070b       0x8c /opt/ti/mspgcc/bin/../lib/gcc/msp430-elf/4.9.1/../../../../msp430-elf/lib/libc.a(lib_a-memset.o)
 .debug_abbrev  0x00000797       0x12 /opt/ti/mspgcc/bin/../lib/gcc/msp430-elf/4.9.1/../../../../msp430-elf/lib/crtn.o

.debug_line     0x00000000     0x1270
 *(.debug_line .debug_line.* .debug_line_end)
 .debug_line    0x00000000       0xff /opt/ti/mspgcc/bin/../lib/gcc/msp430-elf/4.9.1/../../../../msp430-elf/lib/crt0.o
 .debug_line    0x000000ff      0x6d0 /home/reviewer/src/apps/app-rsa-alpaca-new/ext/libedb/bld/gcc/libedb.a(edb.o)
 .debug_line    0x000007cf      0x276 /home/reviewer/src/apps/app-rsa-alpaca-new/ext/libedb/bld/gcc/libedb.a(io.o)
 .debug_line    0x00000a45      0x37b /home/reviewer/src/apps/app-rsa-alpaca-new/ext/libwispbase/bld/gcc/libwispbase.a(uart.o)
 .debug_line    0x00000dc0       0x84 /opt/ti/mspgcc/bin/../lib/gcc/msp430-elf/4.9.1/../../../../msp430-elf/lib/libcrt.a(crt_bss.o)
 .debug_line    0x00000e44       0x90 /opt/ti/mspgcc/bin/../lib/gcc/msp430-elf/4.9.1/../../../../msp430-elf/lib/libcrt.a(crt_movedata.o)
 .debug_line    0x00000ed4       0x7e /opt/ti/mspgcc/bin/../lib/gcc/msp430-elf/4.9.1/../../../../msp430-elf/lib/libcrt.a(crt_main.o)
 .debug_line    0x00000f52      0x118 /opt/ti/mspgcc/bin/../lib/gcc/msp430-elf/4.9.1/../../../../msp430-elf/lib/libc.a(lib_a-memmove.o)
 .debug_line.text.memmove
                0x0000106a       0x40 /opt/ti/mspgcc/bin/../lib/gcc/msp430-elf/4.9.1/../../../../msp430-elf/lib/libc.a(lib_a-memmove.o)
 .debug_line_end
                0x000010aa        0x0 /opt/ti/mspgcc/bin/../lib/gcc/msp430-elf/4.9.1/../../../../msp430-elf/lib/libc.a(lib_a-memmove.o)
 .debug_line    0x000010aa      0x117 /opt/ti/mspgcc/bin/../lib/gcc/msp430-elf/4.9.1/../../../../msp430-elf/lib/libc.a(lib_a-memset.o)
 .debug_line.text.memset
                0x000011c1       0x22 /opt/ti/mspgcc/bin/../lib/gcc/msp430-elf/4.9.1/../../../../msp430-elf/lib/libc.a(lib_a-memset.o)
 .debug_line_end
                0x000011e3        0x0 /opt/ti/mspgcc/bin/../lib/gcc/msp430-elf/4.9.1/../../../../msp430-elf/lib/libc.a(lib_a-memset.o)
 .debug_line    0x000011e3       0x8d /opt/ti/mspgcc/bin/../lib/gcc/msp430-elf/4.9.1/../../../../msp430-elf/lib/crtn.o

.debug_frame    0x00000000      0x2ec
 *(.debug_frame)
 .debug_frame   0x00000000      0x120 /home/reviewer/src/apps/app-rsa-alpaca-new/ext/libedb/bld/gcc/libedb.a(edb.o)
 .debug_frame   0x00000120       0x94 /home/reviewer/src/apps/app-rsa-alpaca-new/ext/libedb/bld/gcc/libedb.a(io.o)
 .debug_frame   0x000001b4       0xe4 /home/reviewer/src/apps/app-rsa-alpaca-new/ext/libwispbase/bld/gcc/libwispbase.a(uart.o)
 .debug_frame   0x00000298       0x30 /opt/ti/mspgcc/bin/../lib/gcc/msp430-elf/4.9.1/../../../../msp430-elf/lib/libc.a(lib_a-memmove.o)
 .debug_frame   0x000002c8       0x24 /opt/ti/mspgcc/bin/../lib/gcc/msp430-elf/4.9.1/../../../../msp430-elf/lib/libc.a(lib_a-memset.o)

.debug_str      0x00000000      0xb5f
 *(.debug_str)
 .debug_str     0x00000000      0x77c /home/reviewer/src/apps/app-rsa-alpaca-new/ext/libedb/bld/gcc/libedb.a(edb.o)
                                0x82b (size before relaxing)
 .debug_str     0x0000077c       0x86 /home/reviewer/src/apps/app-rsa-alpaca-new/ext/libedb/bld/gcc/libedb.a(io.o)
                                0x2e0 (size before relaxing)
 .debug_str     0x00000802      0x1e9 /home/reviewer/src/apps/app-rsa-alpaca-new/ext/libwispbase/bld/gcc/libwispbase.a(uart.o)
                                0x37b (size before relaxing)
 .debug_str     0x000009eb      0x127 /opt/ti/mspgcc/bin/../lib/gcc/msp430-elf/4.9.1/../../../../msp430-elf/lib/libc.a(lib_a-memmove.o)
                                0x1b9 (size before relaxing)
 .debug_str     0x00000b12       0x4d /opt/ti/mspgcc/bin/../lib/gcc/msp430-elf/4.9.1/../../../../msp430-elf/lib/libc.a(lib_a-memset.o)
                                0x19e (size before relaxing)

.debug_loc      0x00000000      0xd72
 *(.debug_loc)
 .debug_loc     0x00000000      0x728 /home/reviewer/src/apps/app-rsa-alpaca-new/ext/libedb/bld/gcc/libedb.a(edb.o)
 .debug_loc     0x00000728      0x2cb /home/reviewer/src/apps/app-rsa-alpaca-new/ext/libedb/bld/gcc/libedb.a(io.o)
 .debug_loc     0x000009f3      0x14c /home/reviewer/src/apps/app-rsa-alpaca-new/ext/libwispbase/bld/gcc/libwispbase.a(uart.o)
 .debug_loc     0x00000b3f      0x1ac /opt/ti/mspgcc/bin/../lib/gcc/msp430-elf/4.9.1/../../../../msp430-elf/lib/libc.a(lib_a-memmove.o)
 .debug_loc     0x00000ceb       0x87 /opt/ti/mspgcc/bin/../lib/gcc/msp430-elf/4.9.1/../../../../msp430-elf/lib/libc.a(lib_a-memset.o)

.debug_macinfo
 *(.debug_macinfo)

.debug_weaknames
 *(.debug_weaknames)

.debug_funcnames
 *(.debug_funcnames)

.debug_typenames
 *(.debug_typenames)

.debug_varnames
 *(.debug_varnames)

.debug_pubtypes
 *(.debug_pubtypes)

.debug_ranges   0x00000000       0xe8
 *(.debug_ranges)
 .debug_ranges  0x00000000       0x28 /opt/ti/mspgcc/bin/../lib/gcc/msp430-elf/4.9.1/../../../../msp430-elf/lib/crt0.o
 .debug_ranges  0x00000028       0x80 /home/reviewer/src/apps/app-rsa-alpaca-new/ext/libedb/bld/gcc/libedb.a(edb.o)
 .debug_ranges  0x000000a8       0x10 /opt/ti/mspgcc/bin/../lib/gcc/msp430-elf/4.9.1/../../../../msp430-elf/lib/libc.a(lib_a-memmove.o)
 .debug_ranges  0x000000b8       0x10 /opt/ti/mspgcc/bin/../lib/gcc/msp430-elf/4.9.1/../../../../msp430-elf/lib/libc.a(lib_a-memset.o)
 .debug_ranges  0x000000c8       0x20 /opt/ti/mspgcc/bin/../lib/gcc/msp430-elf/4.9.1/../../../../msp430-elf/lib/crtn.o

.debug_macro
 *(.debug_macro)

/DISCARD/
 *(.note.GNU-stack)
OUTPUT(templog.out elf32-msp430)
