Archive member included because of file (symbol)

/home/reviewer/src/apps/oopsla2017_artifact/ext/libmspbuiltins/bld/gcc/libmspbuiltins.a(builtins.o)
                              /tmp/ccOXNnqb.o (__mulhi3hw_noint)
/home/reviewer/src/apps/oopsla2017_artifact/ext/libmspprintf/bld/gcc/libmspprintf.a(printf.o)
                              /tmp/ccOXNnqb.o (printf)
/home/reviewer/src/apps/oopsla2017_artifact/ext/libmspconsole/bld/gcc/libmspconsole.a(io.o)
                              /tmp/ccOXNnqb.o (mspconsole_init)
/home/reviewer/src/apps/oopsla2017_artifact/ext/libwispbase/bld/gcc/libwispbase.a(uart.o)
                              /home/reviewer/src/apps/oopsla2017_artifact/ext/libmspconsole/bld/gcc/libmspconsole.a(io.o) (UART_init)
/opt/ti/mspgcc/bin/../lib/gcc/msp430-elf/4.9.1/../../../../msp430-elf/lib/libc.a(lib_a-exit.o)
                              /tmp/ccOXNnqb.o (exit)
/opt/ti/mspgcc/bin/../lib/gcc/msp430-elf/4.9.1/../../../../msp430-elf/lib/libc.a(lib_a-impure.o)
                              /opt/ti/mspgcc/bin/../lib/gcc/msp430-elf/4.9.1/../../../../msp430-elf/lib/libc.a(lib_a-exit.o) (_global_impure_ptr)
/opt/ti/mspgcc/bin/../lib/gcc/msp430-elf/4.9.1/../../../../msp430-elf/lib/libc.a(lib_a-__call_atexit.o)
                              /opt/ti/mspgcc/bin/../lib/gcc/msp430-elf/4.9.1/../../../../msp430-elf/lib/libc.a(lib_a-exit.o) (__call_exitprocs)
/opt/ti/mspgcc/bin/../lib/gcc/msp430-elf/4.9.1/libgcc.a(slli.o)
                              /opt/ti/mspgcc/bin/../lib/gcc/msp430-elf/4.9.1/../../../../msp430-elf/lib/libc.a(lib_a-__call_atexit.o) (__mspabi_slli)
/opt/ti/mspgcc/bin/../lib/gcc/msp430-elf/4.9.1/../../../../msp430-elf/lib/libcrt.a(crt_bss.o)
                              /opt/ti/mspgcc/bin/../lib/gcc/msp430-elf/4.9.1/crtbegin.o (__crt0_init_bss)
/opt/ti/mspgcc/bin/../lib/gcc/msp430-elf/4.9.1/../../../../msp430-elf/lib/libcrt.a(crt_movedata.o)
                              /opt/ti/mspgcc/bin/../lib/gcc/msp430-elf/4.9.1/crtbegin.o (__crt0_movedata)
/opt/ti/mspgcc/bin/../lib/gcc/msp430-elf/4.9.1/../../../../msp430-elf/lib/libcrt.a(crt_main.o)
                              /opt/ti/mspgcc/bin/../lib/gcc/msp430-elf/4.9.1/../../../../msp430-elf/lib/crt0.o (__crt0_call_init_then_main)
/opt/ti/mspgcc/bin/../lib/gcc/msp430-elf/4.9.1/../../../../msp430-elf/lib/libnosys.a(nosyscalls.o)
                              /opt/ti/mspgcc/bin/../lib/gcc/msp430-elf/4.9.1/../../../../msp430-elf/lib/libc.a(lib_a-exit.o) (_exit)
/opt/ti/mspgcc/bin/../lib/gcc/msp430-elf/4.9.1/../../../../msp430-elf/lib/libc.a(lib_a-errno.o)
                              /opt/ti/mspgcc/bin/../lib/gcc/msp430-elf/4.9.1/../../../../msp430-elf/lib/libnosys.a(nosyscalls.o) (__errno)
/opt/ti/mspgcc/bin/../lib/gcc/msp430-elf/4.9.1/../../../../msp430-elf/lib/libc.a(lib_a-memmove.o)
                              /opt/ti/mspgcc/bin/../lib/gcc/msp430-elf/4.9.1/../../../../msp430-elf/lib/libcrt.a(crt_movedata.o) (memmove)
/opt/ti/mspgcc/bin/../lib/gcc/msp430-elf/4.9.1/../../../../msp430-elf/lib/libc.a(lib_a-memset.o)
                              /opt/ti/mspgcc/bin/../lib/gcc/msp430-elf/4.9.1/../../../../msp430-elf/lib/libcrt.a(crt_bss.o) (memset)

Allocating common symbols
Common symbol       size              file

j                   0x2               /tmp/ccOXNnqb.o
k                   0x2               /tmp/ccOXNnqb.o
i                   0x2               /tmp/ccOXNnqb.o
ok_to_checkpoint    0x1               /tmp/ccOXNnqb.o
__mementos_restored
                    0x2               /tmp/ccOXNnqb.o
tmpsize             0x2               /tmp/ccOXNnqb.o
baseaddr            0x2               /tmp/ccOXNnqb.o

Discarded input sections

 .note.GNU-stack
                0x00000000        0x0 /tmp/ccOXNnqb.o

Memory Configuration

Name             Origin             Length             Attributes
SFR              0x00000000         0x00000010
PERIPHERAL_8BIT  0x00000010         0x000000f0
PERIPHERAL_16BIT 0x00000100         0x00000100
RAM              0x00001c00         0x00000800
INFOMEM          0x00001800         0x00000200
INFOA            0x00001980         0x00000080
INFOB            0x00001900         0x00000080
INFOC            0x00001880         0x00000080
INFOD            0x00001800         0x00000080
ROM              0x00004400         0x0000bb80         xr
VECT1            0x0000ff90         0x00000002
VECT2            0x0000ff92         0x00000002
VECT3            0x0000ff94         0x00000002
VECT4            0x0000ff96         0x00000002
VECT5            0x0000ff98         0x00000002
VECT6            0x0000ff9a         0x00000002
VECT7            0x0000ff9c         0x00000002
VECT8            0x0000ff9e         0x00000002
VECT9            0x0000ffa0         0x00000002
VECT10           0x0000ffa2         0x00000002
VECT11           0x0000ffa4         0x00000002
VECT12           0x0000ffa6         0x00000002
VECT13           0x0000ffa8         0x00000002
VECT14           0x0000ffaa         0x00000002
VECT15           0x0000ffac         0x00000002
VECT16           0x0000ffae         0x00000002
VECT17           0x0000ffb0         0x00000002
VECT18           0x0000ffb2         0x00000002
VECT19           0x0000ffb4         0x00000002
VECT20           0x0000ffb6         0x00000002
VECT21           0x0000ffb8         0x00000002
VECT22           0x0000ffba         0x00000002
VECT23           0x0000ffbc         0x00000002
VECT24           0x0000ffbe         0x00000002
VECT25           0x0000ffc0         0x00000002
VECT26           0x0000ffc2         0x00000002
VECT27           0x0000ffc4         0x00000002
VECT28           0x0000ffc6         0x00000002
VECT29           0x0000ffc8         0x00000002
VECT30           0x0000ffca         0x00000002
VECT31           0x0000ffcc         0x00000002
VECT32           0x0000ffce         0x00000002
VECT33           0x0000ffd0         0x00000002
VECT34           0x0000ffd2         0x00000002
VECT35           0x0000ffd4         0x00000002
VECT36           0x0000ffd6         0x00000002
VECT37           0x0000ffd8         0x00000002
VECT38           0x0000ffda         0x00000002
VECT39           0x0000ffdc         0x00000002
VECT40           0x0000ffde         0x00000002
VECT41           0x0000ffe0         0x00000002
VECT42           0x0000ffe2         0x00000002
VECT43           0x0000ffe4         0x00000002
VECT44           0x0000ffe6         0x00000002
VECT45           0x0000ffe8         0x00000002
VECT46           0x0000ffea         0x00000002
VECT47           0x0000ffec         0x00000002
VECT48           0x0000ffee         0x00000002
VECT49           0x0000fff0         0x00000002
VECT50           0x0000fff2         0x00000002
VECT51           0x0000fff4         0x00000002
VECT52           0x0000fff6         0x00000002
VECT53           0x0000fff8         0x00000002
VECT54           0x0000fffa         0x00000002
VECT55           0x0000fffc         0x00000002
RESETVEC         0x0000fffe         0x00000002
BSL              0x00001000         0x00000800
HIFRAM           0x00010000         0x00003fff         xrw
*default*        0x00000000         0xffffffff

Linker script and memory map

LOAD /opt/ti/mspgcc/bin/../lib/gcc/msp430-elf/4.9.1/../../../../msp430-elf/lib/crt0.o
LOAD /opt/ti/mspgcc/bin/../lib/gcc/msp430-elf/4.9.1/crtbegin.o
LOAD /tmp/ccOXNnqb.o
LOAD /home/reviewer/src/apps/oopsla2017_artifact/ext/libmspbuiltins/bld/gcc/libmspbuiltins.a
LOAD /home/reviewer/src/apps/oopsla2017_artifact/ext/libmspprintf/bld/gcc/libmspprintf.a
LOAD /home/reviewer/src/apps/oopsla2017_artifact/ext/libmspconsole/bld/gcc/libmspconsole.a
LOAD /home/reviewer/src/apps/oopsla2017_artifact/ext/libwispbase/bld/gcc/libwispbase.a
LOAD /opt/ti/mspgcc/bin/../lib/gcc/msp430-elf/4.9.1/libgcc.a
START GROUP
LOAD /opt/ti/mspgcc/bin/../lib/gcc/msp430-elf/4.9.1/../../../../msp430-elf/lib/libc.a
LOAD /opt/ti/mspgcc/bin/../lib/gcc/msp430-elf/4.9.1/libgcc.a
LOAD /opt/ti/mspgcc/bin/../lib/gcc/msp430-elf/4.9.1/../../../../msp430-elf/lib/libcrt.a
LOAD /opt/ti/mspgcc/bin/../lib/gcc/msp430-elf/4.9.1/../../../../msp430-elf/lib/libnosys.a
END GROUP
LOAD /opt/ti/mspgcc/bin/../lib/gcc/msp430-elf/4.9.1/libgcc.a
LOAD /opt/ti/mspgcc/bin/../lib/gcc/msp430-elf/4.9.1/crtend.o
LOAD /opt/ti/mspgcc/bin/../lib/gcc/msp430-elf/4.9.1/../../../../msp430-elf/lib/crtn.o
LOAD /opt/ti/mspgcc/bin/../lib/gcc/msp430-elf/4.9.1/libgcc.a

__interrupt_vector_1
 *(__interrupt_vector_1)

__interrupt_vector_2
 *(__interrupt_vector_2)

__interrupt_vector_3
 *(__interrupt_vector_3)

__interrupt_vector_4
 *(__interrupt_vector_4)

__interrupt_vector_5
 *(__interrupt_vector_5)

__interrupt_vector_6
 *(__interrupt_vector_6)

__interrupt_vector_7
 *(__interrupt_vector_7)

__interrupt_vector_8
 *(__interrupt_vector_8)

__interrupt_vector_9
 *(__interrupt_vector_9)

__interrupt_vector_10
 *(__interrupt_vector_10)

__interrupt_vector_11
 *(__interrupt_vector_11)

__interrupt_vector_12
 *(__interrupt_vector_12)

__interrupt_vector_13
 *(__interrupt_vector_13)

__interrupt_vector_14
 *(__interrupt_vector_14)

__interrupt_vector_15
 *(__interrupt_vector_15)

__interrupt_vector_16
 *(__interrupt_vector_16)

__interrupt_vector_17
 *(__interrupt_vector_17)

__interrupt_vector_18
 *(__interrupt_vector_18)

__interrupt_vector_19
 *(__interrupt_vector_19)

__interrupt_vector_20
 *(__interrupt_vector_20)

__interrupt_vector_21
 *(__interrupt_vector_21)

__interrupt_vector_22
 *(__interrupt_vector_22)

__interrupt_vector_23
 *(__interrupt_vector_23)

__interrupt_vector_24
 *(__interrupt_vector_24)

__interrupt_vector_25
 *(__interrupt_vector_25)

__interrupt_vector_26
 *(__interrupt_vector_26)

__interrupt_vector_27
 *(__interrupt_vector_27)

__interrupt_vector_28
 *(__interrupt_vector_28)

__interrupt_vector_29
 *(__interrupt_vector_29)

__interrupt_vector_30
 *(__interrupt_vector_30)

__interrupt_vector_31
 *(__interrupt_vector_31)
 *(__interrupt_vector_aes256)

__interrupt_vector_32
 *(__interrupt_vector_32)
 *(__interrupt_vector_rtc)

__interrupt_vector_33
 *(__interrupt_vector_33)
 *(__interrupt_vector_port4)

__interrupt_vector_34
 *(__interrupt_vector_34)
 *(__interrupt_vector_port3)

__interrupt_vector_35
 *(__interrupt_vector_35)
 *(__interrupt_vector_timer3_a1)

__interrupt_vector_36
 *(__interrupt_vector_36)
 *(__interrupt_vector_timer3_a0)

__interrupt_vector_37
 *(__interrupt_vector_37)
 *(__interrupt_vector_port2)

__interrupt_vector_38
 *(__interrupt_vector_38)
 *(__interrupt_vector_timer2_a1)

__interrupt_vector_39
 *(__interrupt_vector_39)
 *(__interrupt_vector_timer2_a0)

__interrupt_vector_40
 *(__interrupt_vector_40)
 *(__interrupt_vector_port1)

__interrupt_vector_41
 *(__interrupt_vector_41)
 *(__interrupt_vector_timer1_a1)

__interrupt_vector_42
 *(__interrupt_vector_42)
 *(__interrupt_vector_timer1_a0)

__interrupt_vector_43
 *(__interrupt_vector_43)
 *(__interrupt_vector_dma)

__interrupt_vector_44
 *(__interrupt_vector_44)
 *(__interrupt_vector_usci_a1)

__interrupt_vector_45
 *(__interrupt_vector_45)
 *(__interrupt_vector_timer0_a1)

__interrupt_vector_46
                0x0000ffea        0x2
 *(__interrupt_vector_46)
 *(__interrupt_vector_timer0_a0)
 __interrupt_vector_timer0_a0
                0x0000ffea        0x2 /tmp/ccOXNnqb.o
                0x0000ffea                __vector_timer0_a0

__interrupt_vector_47
 *(__interrupt_vector_47)
 *(__interrupt_vector_adc12)

__interrupt_vector_48
 *(__interrupt_vector_48)
 *(__interrupt_vector_usci_b0)

__interrupt_vector_49
                0x0000fff0        0x2
 *(__interrupt_vector_49)
 __interrupt_vector_49
                0x0000fff0        0x2 /home/reviewer/src/apps/oopsla2017_artifact/ext/libwispbase/bld/gcc/libwispbase.a(uart.o)
 *(__interrupt_vector_usci_a0)

__interrupt_vector_50
 *(__interrupt_vector_50)
 *(__interrupt_vector_wdt)

__interrupt_vector_51
                0x0000fff4        0x2
 *(__interrupt_vector_51)
 *(__interrupt_vector_timer0_b1)
 __interrupt_vector_timer0_b1
                0x0000fff4        0x2 /tmp/ccOXNnqb.o
                0x0000fff4                __vector_timer0_b1

__interrupt_vector_52
 *(__interrupt_vector_52)
 *(__interrupt_vector_timer0_b0)

__interrupt_vector_53
 *(__interrupt_vector_53)
 *(__interrupt_vector_comp_e)

__interrupt_vector_54
 *(__interrupt_vector_54)
 *(__interrupt_vector_unmi)

__interrupt_vector_55
 *(__interrupt_vector_55)
 *(__interrupt_vector_sysnmi)

__reset_vector  0x0000fffe        0x2
 *(__interrupt_vector_56)
 *(__interrupt_vector_reset)
 *(.resetvec)
 .resetvec      0x0000fffe        0x2 /opt/ti/mspgcc/bin/../lib/gcc/msp430-elf/4.9.1/../../../../msp430-elf/lib/crt0.o

.rodata         0x00004400       0xbc
                0x00004400                . = ALIGN (0x2)
 *(.plt)
 *(.rodata .rodata.* .gnu.linkonce.r.* .const .const:*)
 .rodata.str1.1
                0x00004400       0x6f /tmp/ccOXNnqb.o
                                 0x72 (size before relaxing)
 *fill*         0x0000446f        0x1 
 .rodata        0x00004470       0x38 /home/reviewer/src/apps/oopsla2017_artifact/ext/libmspprintf/bld/gcc/libmspprintf.a(printf.o)
 .rodata._global_impure_ptr
                0x000044a8        0x2 /opt/ti/mspgcc/bin/../lib/gcc/msp430-elf/4.9.1/../../../../msp430-elf/lib/libc.a(lib_a-impure.o)
                0x000044a8                _global_impure_ptr
 .rodata        0x000044aa        0x2 /opt/ti/mspgcc/bin/../lib/gcc/msp430-elf/4.9.1/../../../../msp430-elf/lib/libc.a(lib_a-impure.o)
 *(.rodata1)
 *(.lower.rodata.* .lower.rodata)
 *(.eh_frame_hdr)
 *(.eh_frame)
 .eh_frame      0x000044ac        0x0 /opt/ti/mspgcc/bin/../lib/gcc/msp430-elf/4.9.1/crtbegin.o
 .eh_frame      0x000044ac        0x4 /opt/ti/mspgcc/bin/../lib/gcc/msp430-elf/4.9.1/crtend.o
 *(.gcc_except_table)
 *(.gcc_except_table.*)
                0x000044b0                PROVIDE (__preinit_array_start, .)
 *(.preinit_array)
                0x000044b0                PROVIDE (__preinit_array_end, .)
                0x000044b0                PROVIDE (__init_array_start, .)
 *(SORT(.init_array.*))
 *(.init_array)
                0x000044b0                PROVIDE (__init_array_end, .)
                0x000044b0                PROVIDE (__fini_array_start, .)
 *(.fini_array)
 *(SORT(.fini_array.*))
                0x000044b0                PROVIDE (__fini_array_end, .)
                0x000044b0        0x4 LONG 0x0
 *crtbegin*.o(.ctors)
 .ctors         0x000044b4        0x2 /opt/ti/mspgcc/bin/../lib/gcc/msp430-elf/4.9.1/crtbegin.o
 *(EXCLUDE_FILE(*crtend*.o) .ctors)
 *(SORT(.ctors.*))
 *(.ctors)
 .ctors         0x000044b6        0x2 /opt/ti/mspgcc/bin/../lib/gcc/msp430-elf/4.9.1/crtend.o
 *crtbegin*.o(.dtors)
 .dtors         0x000044b8        0x2 /opt/ti/mspgcc/bin/../lib/gcc/msp430-elf/4.9.1/crtbegin.o
 *(EXCLUDE_FILE(*crtend*.o) .dtors)
 *(SORT(.dtors.*))
 *(.dtors)
 .dtors         0x000044ba        0x2 /opt/ti/mspgcc/bin/../lib/gcc/msp430-elf/4.9.1/crtend.o
                0x000044ba                __DTOR_END__

.nv             0x000044bc      0xc8a
                0x000044bc                . = ALIGN (0x2)
                0x000044bc                PROVIDE (__fram_vars_start, .)
 *(.ro_nv_vars)
 *(.nv_vars)
 .nv_vars       0x000044bc      0xc8a /tmp/ccOXNnqb.o
                0x00005144                __mementos_active_bundle_ptr
 *(.fram_vars)
                0x00005146                . = ALIGN (0x2)
                0x00005146                PROVIDE (__fram_vars_end, .)

.upper.rodata
 *(.upper.rodata.* .upper.rodata)

.data           0x00001c00       0x7e load address 0x00005146
                0x00001c00                . = ALIGN (0x2)
                0x00001c00                PROVIDE (__datastart, .)
 *(.jcr)
 .jcr           0x00001c00        0x0 /opt/ti/mspgcc/bin/../lib/gcc/msp430-elf/4.9.1/crtbegin.o
 .jcr           0x00001c00        0x2 /opt/ti/mspgcc/bin/../lib/gcc/msp430-elf/4.9.1/crtend.o
 *(.data.rel.ro.local)
 *(.data.rel.ro*)
 *(.dynamic)
 *(.data .data.* .gnu.linkonce.d.*)
 .data          0x00001c02        0x0 /opt/ti/mspgcc/bin/../lib/gcc/msp430-elf/4.9.1/../../../../msp430-elf/lib/crt0.o
 .data          0x00001c02        0x2 /opt/ti/mspgcc/bin/../lib/gcc/msp430-elf/4.9.1/crtbegin.o
                0x00001c02                __dso_handle
 .data          0x00001c04        0x0 /tmp/ccOXNnqb.o
 .data          0x00001c04        0x0 /home/reviewer/src/apps/oopsla2017_artifact/ext/libmspbuiltins/bld/gcc/libmspbuiltins.a(builtins.o)
 .data          0x00001c04        0x0 /home/reviewer/src/apps/oopsla2017_artifact/ext/libmspprintf/bld/gcc/libmspprintf.a(printf.o)
 .data          0x00001c04        0x0 /home/reviewer/src/apps/oopsla2017_artifact/ext/libmspconsole/bld/gcc/libmspconsole.a(io.o)
 .data          0x00001c04        0x0 /home/reviewer/src/apps/oopsla2017_artifact/ext/libwispbase/bld/gcc/libwispbase.a(uart.o)
 .data          0x00001c04        0x0 /opt/ti/mspgcc/bin/../lib/gcc/msp430-elf/4.9.1/../../../../msp430-elf/lib/libc.a(lib_a-exit.o)
 .data          0x00001c04        0x0 /opt/ti/mspgcc/bin/../lib/gcc/msp430-elf/4.9.1/../../../../msp430-elf/lib/libc.a(lib_a-impure.o)
 .data._impure_ptr
                0x00001c04        0x2 /opt/ti/mspgcc/bin/../lib/gcc/msp430-elf/4.9.1/../../../../msp430-elf/lib/libc.a(lib_a-impure.o)
                0x00001c04                _impure_ptr
 .data.impure_data
                0x00001c06       0x78 /opt/ti/mspgcc/bin/../lib/gcc/msp430-elf/4.9.1/../../../../msp430-elf/lib/libc.a(lib_a-impure.o)
 .data          0x00001c7e        0x0 /opt/ti/mspgcc/bin/../lib/gcc/msp430-elf/4.9.1/../../../../msp430-elf/lib/libc.a(lib_a-__call_atexit.o)
 .data          0x00001c7e        0x0 /opt/ti/mspgcc/bin/../lib/gcc/msp430-elf/4.9.1/libgcc.a(slli.o)
 .data          0x00001c7e        0x0 /opt/ti/mspgcc/bin/../lib/gcc/msp430-elf/4.9.1/../../../../msp430-elf/lib/libcrt.a(crt_bss.o)
 .data          0x00001c7e        0x0 /opt/ti/mspgcc/bin/../lib/gcc/msp430-elf/4.9.1/../../../../msp430-elf/lib/libcrt.a(crt_movedata.o)
 .data          0x00001c7e        0x0 /opt/ti/mspgcc/bin/../lib/gcc/msp430-elf/4.9.1/../../../../msp430-elf/lib/libcrt.a(crt_main.o)
 .data          0x00001c7e        0x0 /opt/ti/mspgcc/bin/../lib/gcc/msp430-elf/4.9.1/../../../../msp430-elf/lib/libnosys.a(nosyscalls.o)
 .data          0x00001c7e        0x0 /opt/ti/mspgcc/bin/../lib/gcc/msp430-elf/4.9.1/../../../../msp430-elf/lib/libc.a(lib_a-errno.o)
 .data          0x00001c7e        0x0 /opt/ti/mspgcc/bin/../lib/gcc/msp430-elf/4.9.1/../../../../msp430-elf/lib/libc.a(lib_a-memmove.o)
 .data          0x00001c7e        0x0 /opt/ti/mspgcc/bin/../lib/gcc/msp430-elf/4.9.1/../../../../msp430-elf/lib/libc.a(lib_a-memset.o)
 .data          0x00001c7e        0x0 /opt/ti/mspgcc/bin/../lib/gcc/msp430-elf/4.9.1/crtend.o
 .data          0x00001c7e        0x0 /opt/ti/mspgcc/bin/../lib/gcc/msp430-elf/4.9.1/../../../../msp430-elf/lib/crtn.o
 *(.gnu.linkonce.d.*personality*)
 *(.data1)
 *(.got.plt)
 *(.got)
                0x00001c7e                . = ALIGN (0x2)
 *(.sdata .sdata.* .gnu.linkonce.s.* D_2 D_1)
                0x00001c7e                . = ALIGN (0x2)
 *(.lower.data.* .lower.data)
                0x00001c7e                . = ALIGN (0x2)
                0x00001c7e                _edata = .
                0x00001c7e                PROVIDE (edata, .)
                0x00001c7e                PROVIDE (__dataend, .)
                0x00005146                PROVIDE (__romdatastart, LOADADDR (.data))
                0x0000007e                PROVIDE (__romdatacopysize, SIZEOF (.data))

.upper.data     0x00010000        0x2 load address 0x000051c4
                0x000051c4                __upper_data_init = LOADADDR (.upper.data)
                0x00010000        0x2 SHORT 0x1
                0x00010002                __high_datastart = .
 *(.upper.data.* .upper.data)
                0x00010002                __high_dataend = .
                0x00000000                __rom_highdatacopysize = (SIZEOF (.upper.data) - 0x2)
                0x000051c6                __rom_highdatastart = (LOADADDR (.upper.data) + 0x2)

.bss            0x00001c7e       0x32
                0x00001c7e                . = ALIGN (0x2)
                0x00001c7e                PROVIDE (__bssstart, .)
 *(.dynbss)
 *(.sbss .sbss.*)
 *(.bss .bss.* .gnu.linkonce.b.*)
 .bss           0x00001c7e        0x0 /opt/ti/mspgcc/bin/../lib/gcc/msp430-elf/4.9.1/../../../../msp430-elf/lib/crt0.o
 .bss           0x00001c7e       0x12 /opt/ti/mspgcc/bin/../lib/gcc/msp430-elf/4.9.1/crtbegin.o
 .bss           0x00001c90        0x6 /tmp/ccOXNnqb.o
                0x00001c90                overflow
                0x00001c92                GlobalAllocSize
 .bss           0x00001c96        0x0 /home/reviewer/src/apps/oopsla2017_artifact/ext/libmspbuiltins/bld/gcc/libmspbuiltins.a(builtins.o)
 .bss           0x00001c96        0x0 /home/reviewer/src/apps/oopsla2017_artifact/ext/libmspprintf/bld/gcc/libmspprintf.a(printf.o)
 .bss           0x00001c96        0x0 /home/reviewer/src/apps/oopsla2017_artifact/ext/libmspconsole/bld/gcc/libmspconsole.a(io.o)
 .bss           0x00001c96        0xc /home/reviewer/src/apps/oopsla2017_artifact/ext/libwispbase/bld/gcc/libwispbase.a(uart.o)
 .bss           0x00001ca2        0x0 /opt/ti/mspgcc/bin/../lib/gcc/msp430-elf/4.9.1/../../../../msp430-elf/lib/libc.a(lib_a-exit.o)
 .bss           0x00001ca2        0x0 /opt/ti/mspgcc/bin/../lib/gcc/msp430-elf/4.9.1/../../../../msp430-elf/lib/libc.a(lib_a-impure.o)
 .bss           0x00001ca2        0x0 /opt/ti/mspgcc/bin/../lib/gcc/msp430-elf/4.9.1/../../../../msp430-elf/lib/libc.a(lib_a-__call_atexit.o)
 .bss           0x00001ca2        0x0 /opt/ti/mspgcc/bin/../lib/gcc/msp430-elf/4.9.1/libgcc.a(slli.o)
 .bss           0x00001ca2        0x0 /opt/ti/mspgcc/bin/../lib/gcc/msp430-elf/4.9.1/../../../../msp430-elf/lib/libcrt.a(crt_bss.o)
 .bss           0x00001ca2        0x0 /opt/ti/mspgcc/bin/../lib/gcc/msp430-elf/4.9.1/../../../../msp430-elf/lib/libcrt.a(crt_movedata.o)
 .bss           0x00001ca2        0x0 /opt/ti/mspgcc/bin/../lib/gcc/msp430-elf/4.9.1/../../../../msp430-elf/lib/libcrt.a(crt_main.o)
 .bss           0x00001ca2        0x0 /opt/ti/mspgcc/bin/../lib/gcc/msp430-elf/4.9.1/../../../../msp430-elf/lib/libnosys.a(nosyscalls.o)
 .bss           0x00001ca2        0x0 /opt/ti/mspgcc/bin/../lib/gcc/msp430-elf/4.9.1/../../../../msp430-elf/lib/libc.a(lib_a-errno.o)
 .bss           0x00001ca2        0x0 /opt/ti/mspgcc/bin/../lib/gcc/msp430-elf/4.9.1/../../../../msp430-elf/lib/libc.a(lib_a-memmove.o)
 .bss           0x00001ca2        0x0 /opt/ti/mspgcc/bin/../lib/gcc/msp430-elf/4.9.1/../../../../msp430-elf/lib/libc.a(lib_a-memset.o)
 .bss           0x00001ca2        0x0 /opt/ti/mspgcc/bin/../lib/gcc/msp430-elf/4.9.1/crtend.o
 .bss           0x00001ca2        0x0 /opt/ti/mspgcc/bin/../lib/gcc/msp430-elf/4.9.1/../../../../msp430-elf/lib/crtn.o
 *(.lower.bss.* .lower.bss)
                0x00001ca2                . = ALIGN (0x2)
 *(COMMON)
 COMMON         0x00001ca2        0xe /tmp/ccOXNnqb.o
                0x00001ca2                j
                0x00001ca4                k
                0x00001ca6                i
                0x00001ca8                ok_to_checkpoint
                0x00001caa                __mementos_restored
                0x00001cac                tmpsize
                0x00001cae                baseaddr
                0x00001cb0                PROVIDE (__bssend, .)
                0x00000032                PROVIDE (__bsssize, SIZEOF (.bss))

.noinit         0x00001cb0        0x0
                0x00001cb0                . = ALIGN (0x2)
                0x00001cb0                PROVIDE (__noinit_start, .)
 *(.noinit)
                0x00001cb0                . = ALIGN (0x2)
                0x00001cb0                PROVIDE (__noinit_end, .)
                0x00001cb0                _end = .
                0x00001cb0                PROVIDE (end, .)

.upper.bss      0x00010002        0x0
                0x00010002                . = ALIGN (0x2)
                0x00010002                __high_bssstart = .
 *(.upper.bss.* .upper.bss)
                0x00010002                . = ALIGN (0x2)
                0x00010002                __high_bssend = .

.stack          0x00002400        0x0
                0x00002400                PROVIDE (__stack, .)
 *(.stack)

.text           0x000051c8     0x1ab8
                0x000051c8                PROVIDE (_start, .)
                0x000051c8                . = ALIGN (0x2)
 *(SORT(.crt_*))
 .crt_0000start
                0x000051c8        0x4 /opt/ti/mspgcc/bin/../lib/gcc/msp430-elf/4.9.1/../../../../msp430-elf/lib/crt0.o
                0x000051c8                __crt0_start
 .crt_0100init_bss
                0x000051cc        0xe /opt/ti/mspgcc/bin/../lib/gcc/msp430-elf/4.9.1/../../../../msp430-elf/lib/libcrt.a(crt_bss.o)
                0x000051cc                __crt0_init_bss
 .crt_0300movedata
                0x000051da       0x14 /opt/ti/mspgcc/bin/../lib/gcc/msp430-elf/4.9.1/../../../../msp430-elf/lib/libcrt.a(crt_movedata.o)
                0x000051da                __crt0_movedata
 .crt_0700call_init_then_main
                0x000051ee        0xa /opt/ti/mspgcc/bin/../lib/gcc/msp430-elf/4.9.1/../../../../msp430-elf/lib/libcrt.a(crt_main.o)
                0x000051ee                __crt0_call_init_then_main
 .crt_0900main_init
                0x000051f8       0x36 /opt/ti/mspgcc/bin/../lib/gcc/msp430-elf/4.9.1/../../../../msp430-elf/lib/crt0.o
                0x000051f8                _msp430_run_init_array
                0x00005204                _msp430_run_preinit_array
                0x00005210                _msp430_run_fini_array
                0x0000522e                . = ALIGN (0x2)
 *(.lowtext)
                0x0000522e                . = ALIGN (0x2)
 *(.lower.text.* .lower.text)
                0x0000522e                . = ALIGN (0x2)
 *(.text .stub .text.* .gnu.linkonce.t.* .text:*)
 .text          0x0000522e        0x0 /opt/ti/mspgcc/bin/../lib/gcc/msp430-elf/4.9.1/../../../../msp430-elf/lib/crt0.o
 .text          0x0000522e       0xc6 /opt/ti/mspgcc/bin/../lib/gcc/msp430-elf/4.9.1/crtbegin.o
 .text          0x000052f4     0x1214 /tmp/ccOXNnqb.o
                0x000052f4                TimerB1_ISR
                0x000052f4                __interrupt_vector_51
                0x00005344                print_log
                0x00005448                init_dict
                0x00005504                find_child
                0x00005600                add_node
                0x00005820                append_compressed
                0x00005894                init
                0x00005910                main
                0x00005b58                msp_watchdog_enable
                0x00005b70                msp_watchdog_disable
                0x00005b80                msp_watchdog_kick
                0x00005b94                memcpy
                0x00005be8                my_memset
                0x00005c00                msp_clock_setup
                0x00005c20                mult16
                0x00005c34                sqrt16
                0x00005d54                udivmodhi4
                0x00005e64                __divhi3
                0x00005f0c                __modhi3
                0x00005f98                __udivhi3
                0x00005fc8                __umodhi3
                0x00005ff8                __dino_task_boundary
                0x00006010                __dino_empty_versioning
                0x00006028                __dino_unset_recovery_bit
                0x00006034                __dino_recovery_bit_set
                0x0000604c                __dino_find_next_recovery
                0x000060a4                __dino_find_active_recovery
                0x000060fc                __dino_recovery_get
                0x00006118                __dino_recovery_set
                0x00006144                __dino_set_next_recovery
                0x00006170                __mementos_restore
                0x00006264                __mementos_setup_timer
                0x00006288                TIMER0_A0_ISR
                0x00006288                __interrupt_vector_46
                0x000062ac                __mementos_checkpoint
                0x00006410                __mementos_locate_next_bundle
                0x00006460                __mementos_find_active_bundle
                0x00006494                __mementos_bundle_in_range
                0x000064dc                __mementos_atboot_cleanup
                0x000064e4                __mementos_inactive_cleanup
                0x000064fc                __mementos_force_free
 .text          0x00006508        0xe /home/reviewer/src/apps/oopsla2017_artifact/ext/libmspbuiltins/bld/gcc/libmspbuiltins.a(builtins.o)
                0x00006508                __mulhi3hw_noint
 .text          0x00006516      0x224 /home/reviewer/src/apps/oopsla2017_artifact/ext/libmspprintf/bld/gcc/libmspprintf.a(printf.o)
                0x000065a8                puts
                0x000065c6                printf
 .text          0x0000673a       0x5e /home/reviewer/src/apps/oopsla2017_artifact/ext/libmspconsole/bld/gcc/libmspconsole.a(io.o)
                0x0000673a                mspconsole_init
                0x00006740                io_putchar
                0x0000675c                io_puts_no_newline
                0x00006782                io_puts
 .text          0x00006798      0x23e /home/reviewer/src/apps/oopsla2017_artifact/ext/libwispbase/bld/gcc/libwispbase.a(uart.o)
                0x00006798                UART_init
                0x000067da                UART_teardown
                0x00006800                UART_asyncSend
                0x00006824                UART_send
                0x00006834                UART_critSend
                0x0000689a                UART_isTxBusy
                0x000068a0                UART_asyncReceive
                0x000068c6                UART_receive
                0x000068d8                UART_critReceive
                0x0000693e                UART_isRxBusy
                0x00006944                UART_isRxDone
                0x00006952                USCI_A0_ISR
 .text          0x000069d6        0x0 /opt/ti/mspgcc/bin/../lib/gcc/msp430-elf/4.9.1/../../../../msp430-elf/lib/libc.a(lib_a-exit.o)
 .text.exit     0x000069d6       0x1e /opt/ti/mspgcc/bin/../lib/gcc/msp430-elf/4.9.1/../../../../msp430-elf/lib/libc.a(lib_a-exit.o)
                0x000069d6                exit
 .text          0x000069f4        0x0 /opt/ti/mspgcc/bin/../lib/gcc/msp430-elf/4.9.1/../../../../msp430-elf/lib/libc.a(lib_a-impure.o)
 .text          0x000069f4        0x0 /opt/ti/mspgcc/bin/../lib/gcc/msp430-elf/4.9.1/../../../../msp430-elf/lib/libc.a(lib_a-__call_atexit.o)
 .text.__call_exitprocs
                0x000069f4      0x124 /opt/ti/mspgcc/bin/../lib/gcc/msp430-elf/4.9.1/../../../../msp430-elf/lib/libc.a(lib_a-__call_atexit.o)
                0x000069f4                __call_exitprocs
 .text          0x00006b18       0x74 /opt/ti/mspgcc/bin/../lib/gcc/msp430-elf/4.9.1/libgcc.a(slli.o)
                0x00006b18                __mspabi_slli_15
                0x00006b1a                __mspabi_slli_14
                0x00006b1c                __mspabi_slli_13
                0x00006b1e                __mspabi_slli_12
                0x00006b20                __mspabi_slli_11
                0x00006b22                __mspabi_slli_10
                0x00006b24                __mspabi_slli_9
                0x00006b26                __mspabi_slli_8
                0x00006b28                __mspabi_slli_7
                0x00006b2a                __mspabi_slli_6
                0x00006b2c                __mspabi_slli_5
                0x00006b2e                __mspabi_slli_4
                0x00006b30                __mspabi_slli_3
                0x00006b32                __mspabi_slli_2
                0x00006b34                __mspabi_slli_1
                0x00006b3c                __mspabi_slli
                0x00006b42                __mspabi_slll_15
                0x00006b46                __mspabi_slll_14
                0x00006b4a                __mspabi_slll_13
                0x00006b4e                __mspabi_slll_12
                0x00006b52                __mspabi_slll_11
                0x00006b56                __mspabi_slll_10
                0x00006b5a                __mspabi_slll_9
                0x00006b5e                __mspabi_slll_8
                0x00006b62                __mspabi_slll_7
                0x00006b66                __mspabi_slll_6
                0x00006b6a                __mspabi_slll_5
                0x00006b6e                __mspabi_slll_4
                0x00006b72                __mspabi_slll_3
                0x00006b76                __mspabi_slll_2
                0x00006b7a                __mspabi_slll_1
                0x00006b86                __mspabi_slll
 .text          0x00006b8c        0x0 /opt/ti/mspgcc/bin/../lib/gcc/msp430-elf/4.9.1/../../../../msp430-elf/lib/libcrt.a(crt_bss.o)
 .text          0x00006b8c        0x0 /opt/ti/mspgcc/bin/../lib/gcc/msp430-elf/4.9.1/../../../../msp430-elf/lib/libcrt.a(crt_movedata.o)
 .text          0x00006b8c        0x0 /opt/ti/mspgcc/bin/../lib/gcc/msp430-elf/4.9.1/../../../../msp430-elf/lib/libcrt.a(crt_main.o)
 .text          0x00006b8c       0x60 /opt/ti/mspgcc/bin/../lib/gcc/msp430-elf/4.9.1/../../../../msp430-elf/lib/libnosys.a(nosyscalls.o)
                0x00006b8c                _exit
                0x00006b8e                open
                0x00006b9c                close
                0x00006baa                read
                0x00006bb8                fstat
                0x00006bc6                lseek
                0x00006bd4                kill
                0x00006be2                isatty
                0x00006be2                _isatty
                0x00006be6                getpid
 .text          0x00006bec        0x0 /opt/ti/mspgcc/bin/../lib/gcc/msp430-elf/4.9.1/../../../../msp430-elf/lib/libc.a(lib_a-errno.o)
 .text.__errno  0x00006bec        0x6 /opt/ti/mspgcc/bin/../lib/gcc/msp430-elf/4.9.1/../../../../msp430-elf/lib/libc.a(lib_a-errno.o)
                0x00006bec                __errno
 .text          0x00006bf2        0x0 /opt/ti/mspgcc/bin/../lib/gcc/msp430-elf/4.9.1/../../../../msp430-elf/lib/libc.a(lib_a-memmove.o)
 .text.memmove  0x00006bf2       0x40 /opt/ti/mspgcc/bin/../lib/gcc/msp430-elf/4.9.1/../../../../msp430-elf/lib/libc.a(lib_a-memmove.o)
                0x00006bf2                memmove
 .text          0x00006c32        0x0 /opt/ti/mspgcc/bin/../lib/gcc/msp430-elf/4.9.1/../../../../msp430-elf/lib/libc.a(lib_a-memset.o)
 .text.memset   0x00006c32       0x12 /opt/ti/mspgcc/bin/../lib/gcc/msp430-elf/4.9.1/../../../../msp430-elf/lib/libc.a(lib_a-memset.o)
                0x00006c32                memset
 .text          0x00006c44       0x20 /opt/ti/mspgcc/bin/../lib/gcc/msp430-elf/4.9.1/crtend.o
 .text          0x00006c64        0x0 /opt/ti/mspgcc/bin/../lib/gcc/msp430-elf/4.9.1/../../../../msp430-elf/lib/crtn.o
 *(.text.*personality*)
 *(.gnu.warning)
 *(.interp .hash .dynsym .dynstr .gnu.version*)
                0x00006c64                PROVIDE (__etext, .)
                0x00006c64                PROVIDE (_etext, .)
                0x00006c64                PROVIDE (etext, .)
                0x00006c64                . = ALIGN (0x2)
 *(.init)
 .init          0x00006c64        0x0 /opt/ti/mspgcc/bin/../lib/gcc/msp430-elf/4.9.1/../../../../msp430-elf/lib/crt0.o
                0x00006c64                __msp430_init
 .init          0x00006c64        0x4 /opt/ti/mspgcc/bin/../lib/gcc/msp430-elf/4.9.1/crtbegin.o
 .init          0x00006c68        0x4 /opt/ti/mspgcc/bin/../lib/gcc/msp430-elf/4.9.1/crtend.o
 .init          0x00006c6c        0xa /opt/ti/mspgcc/bin/../lib/gcc/msp430-elf/4.9.1/../../../../msp430-elf/lib/crtn.o
                0x00006c76                __msp430_init_end
 *(.fini)
 .fini          0x00006c76        0x4 /opt/ti/mspgcc/bin/../lib/gcc/msp430-elf/4.9.1/../../../../msp430-elf/lib/crt0.o
                0x00006c76                __msp430_fini
 .fini          0x00006c7a        0x4 /opt/ti/mspgcc/bin/../lib/gcc/msp430-elf/4.9.1/crtbegin.o
 .fini          0x00006c7e        0x2 /opt/ti/mspgcc/bin/../lib/gcc/msp430-elf/4.9.1/../../../../msp430-elf/lib/crtn.o
                0x00006c80                __msp430_fini_end
 *(.tm_clone_table)
 .tm_clone_table
                0x00006c80        0x0 /opt/ti/mspgcc/bin/../lib/gcc/msp430-elf/4.9.1/crtbegin.o
 .tm_clone_table
                0x00006c80        0x0 /opt/ti/mspgcc/bin/../lib/gcc/msp430-elf/4.9.1/crtend.o
                0x00006c80                __TMC_END__

.upper.text     0x00010002        0x0
                0x00010002                . = ALIGN (0x2)
 *(.upper.text.* .upper.text)

.infoA

.infoB

.infoC

.infoD

.MP430.attributes
                0x00000000      0x1cc
 *(.MSP430.attributes)
 .MSP430.attributes
                0x00000000       0x17 /opt/ti/mspgcc/bin/../lib/gcc/msp430-elf/4.9.1/../../../../msp430-elf/lib/crt0.o
 .MSP430.attributes
                0x00000017       0x17 /opt/ti/mspgcc/bin/../lib/gcc/msp430-elf/4.9.1/crtbegin.o
 .MSP430.attributes
                0x0000002e       0x17 /tmp/ccOXNnqb.o
 .MSP430.attributes
                0x00000045       0x17 /home/reviewer/src/apps/oopsla2017_artifact/ext/libmspbuiltins/bld/gcc/libmspbuiltins.a(builtins.o)
 .MSP430.attributes
                0x0000005c       0x17 /home/reviewer/src/apps/oopsla2017_artifact/ext/libmspprintf/bld/gcc/libmspprintf.a(printf.o)
 .MSP430.attributes
                0x00000073       0x17 /home/reviewer/src/apps/oopsla2017_artifact/ext/libmspconsole/bld/gcc/libmspconsole.a(io.o)
 .MSP430.attributes
                0x0000008a       0x17 /home/reviewer/src/apps/oopsla2017_artifact/ext/libwispbase/bld/gcc/libwispbase.a(uart.o)
 .MSP430.attributes
                0x000000a1       0x17 /opt/ti/mspgcc/bin/../lib/gcc/msp430-elf/4.9.1/../../../../msp430-elf/lib/libc.a(lib_a-exit.o)
 .MSP430.attributes
                0x000000b8       0x17 /opt/ti/mspgcc/bin/../lib/gcc/msp430-elf/4.9.1/../../../../msp430-elf/lib/libc.a(lib_a-impure.o)
 .MSP430.attributes
                0x000000cf       0x17 /opt/ti/mspgcc/bin/../lib/gcc/msp430-elf/4.9.1/../../../../msp430-elf/lib/libc.a(lib_a-__call_atexit.o)
 .MSP430.attributes
                0x000000e6       0x17 /opt/ti/mspgcc/bin/../lib/gcc/msp430-elf/4.9.1/libgcc.a(slli.o)
 .MSP430.attributes
                0x000000fd       0x17 /opt/ti/mspgcc/bin/../lib/gcc/msp430-elf/4.9.1/../../../../msp430-elf/lib/libcrt.a(crt_bss.o)
 .MSP430.attributes
                0x00000114       0x17 /opt/ti/mspgcc/bin/../lib/gcc/msp430-elf/4.9.1/../../../../msp430-elf/lib/libcrt.a(crt_movedata.o)
 .MSP430.attributes
                0x0000012b       0x17 /opt/ti/mspgcc/bin/../lib/gcc/msp430-elf/4.9.1/../../../../msp430-elf/lib/libcrt.a(crt_main.o)
 .MSP430.attributes
                0x00000142       0x17 /opt/ti/mspgcc/bin/../lib/gcc/msp430-elf/4.9.1/../../../../msp430-elf/lib/libnosys.a(nosyscalls.o)
 .MSP430.attributes
                0x00000159       0x17 /opt/ti/mspgcc/bin/../lib/gcc/msp430-elf/4.9.1/../../../../msp430-elf/lib/libc.a(lib_a-errno.o)
 .MSP430.attributes
                0x00000170       0x17 /opt/ti/mspgcc/bin/../lib/gcc/msp430-elf/4.9.1/../../../../msp430-elf/lib/libc.a(lib_a-memmove.o)
 .MSP430.attributes
                0x00000187       0x17 /opt/ti/mspgcc/bin/../lib/gcc/msp430-elf/4.9.1/../../../../msp430-elf/lib/libc.a(lib_a-memset.o)
 .MSP430.attributes
                0x0000019e       0x17 /opt/ti/mspgcc/bin/../lib/gcc/msp430-elf/4.9.1/crtend.o
 .MSP430.attributes
                0x000001b5       0x17 /opt/ti/mspgcc/bin/../lib/gcc/msp430-elf/4.9.1/../../../../msp430-elf/lib/crtn.o
 *(.gnu.attributes)
 *(__TI_build_attributes)

.stab
 *(.stab)

.stabstr
 *(.stabstr)

.stab.excl
 *(.stab.excl)

.stab.exclstr
 *(.stab.exclstr)

.stab.index
 *(.stab.index)

.stab.indexstr
 *(.stab.indexstr)

.comment        0x00000000      0x121
 *(.comment)
 .comment       0x00000000       0x7c /opt/ti/mspgcc/bin/../lib/gcc/msp430-elf/4.9.1/crtbegin.o
                                 0x7d (size before relaxing)
 .comment       0x0000007c       0xa5 /tmp/ccOXNnqb.o
                                0x862 (size before relaxing)
 .comment       0x00000000       0x7d /home/reviewer/src/apps/oopsla2017_artifact/ext/libmspprintf/bld/gcc/libmspprintf.a(printf.o)
 .comment       0x00000000       0x7d /home/reviewer/src/apps/oopsla2017_artifact/ext/libmspconsole/bld/gcc/libmspconsole.a(io.o)
 .comment       0x00000000       0x7d /home/reviewer/src/apps/oopsla2017_artifact/ext/libwispbase/bld/gcc/libwispbase.a(uart.o)
 .comment       0x00000000       0x7d /opt/ti/mspgcc/bin/../lib/gcc/msp430-elf/4.9.1/../../../../msp430-elf/lib/libc.a(lib_a-exit.o)
 .comment       0x00000000       0x7d /opt/ti/mspgcc/bin/../lib/gcc/msp430-elf/4.9.1/../../../../msp430-elf/lib/libc.a(lib_a-impure.o)
 .comment       0x00000000       0x7d /opt/ti/mspgcc/bin/../lib/gcc/msp430-elf/4.9.1/../../../../msp430-elf/lib/libc.a(lib_a-__call_atexit.o)
 .comment       0x00000000       0x7d /opt/ti/mspgcc/bin/../lib/gcc/msp430-elf/4.9.1/../../../../msp430-elf/lib/libc.a(lib_a-errno.o)
 .comment       0x00000000       0x7d /opt/ti/mspgcc/bin/../lib/gcc/msp430-elf/4.9.1/../../../../msp430-elf/lib/libc.a(lib_a-memmove.o)
 .comment       0x00000000       0x7d /opt/ti/mspgcc/bin/../lib/gcc/msp430-elf/4.9.1/../../../../msp430-elf/lib/libc.a(lib_a-memset.o)
 .comment       0x00000000       0x7d /opt/ti/mspgcc/bin/../lib/gcc/msp430-elf/4.9.1/crtend.o

.debug
 *(.debug)

.line
 *(.line)

.debug_srcinfo
 *(.debug_srcinfo)

.debug_sfnames
 *(.debug_sfnames)

.debug_aranges  0x00000000      0x1f0
 *(.debug_aranges)
 .debug_aranges
                0x00000000       0x30 /opt/ti/mspgcc/bin/../lib/gcc/msp430-elf/4.9.1/../../../../msp430-elf/lib/crt0.o
 .debug_aranges
                0x00000030       0x20 /home/reviewer/src/apps/oopsla2017_artifact/ext/libmspprintf/bld/gcc/libmspprintf.a(printf.o)
 .debug_aranges
                0x00000050       0x20 /home/reviewer/src/apps/oopsla2017_artifact/ext/libmspconsole/bld/gcc/libmspconsole.a(io.o)
 .debug_aranges
                0x00000070       0x20 /home/reviewer/src/apps/oopsla2017_artifact/ext/libwispbase/bld/gcc/libwispbase.a(uart.o)
 .debug_aranges
                0x00000090       0x20 /opt/ti/mspgcc/bin/../lib/gcc/msp430-elf/4.9.1/../../../../msp430-elf/lib/libc.a(lib_a-exit.o)
 .debug_aranges
                0x000000b0       0x18 /opt/ti/mspgcc/bin/../lib/gcc/msp430-elf/4.9.1/../../../../msp430-elf/lib/libc.a(lib_a-impure.o)
 .debug_aranges
                0x000000c8       0x20 /opt/ti/mspgcc/bin/../lib/gcc/msp430-elf/4.9.1/../../../../msp430-elf/lib/libc.a(lib_a-__call_atexit.o)
 .debug_aranges
                0x000000e8       0x20 /opt/ti/mspgcc/bin/../lib/gcc/msp430-elf/4.9.1/../../../../msp430-elf/lib/libcrt.a(crt_bss.o)
 .debug_aranges
                0x00000108       0x20 /opt/ti/mspgcc/bin/../lib/gcc/msp430-elf/4.9.1/../../../../msp430-elf/lib/libcrt.a(crt_movedata.o)
 .debug_aranges
                0x00000128       0x20 /opt/ti/mspgcc/bin/../lib/gcc/msp430-elf/4.9.1/../../../../msp430-elf/lib/libcrt.a(crt_main.o)
 .debug_aranges
                0x00000148       0x20 /opt/ti/mspgcc/bin/../lib/gcc/msp430-elf/4.9.1/../../../../msp430-elf/lib/libnosys.a(nosyscalls.o)
 .debug_aranges
                0x00000168       0x20 /opt/ti/mspgcc/bin/../lib/gcc/msp430-elf/4.9.1/../../../../msp430-elf/lib/libc.a(lib_a-errno.o)
 .debug_aranges
                0x00000188       0x20 /opt/ti/mspgcc/bin/../lib/gcc/msp430-elf/4.9.1/../../../../msp430-elf/lib/libc.a(lib_a-memmove.o)
 .debug_aranges
                0x000001a8       0x20 /opt/ti/mspgcc/bin/../lib/gcc/msp430-elf/4.9.1/../../../../msp430-elf/lib/libc.a(lib_a-memset.o)
 .debug_aranges
                0x000001c8       0x28 /opt/ti/mspgcc/bin/../lib/gcc/msp430-elf/4.9.1/../../../../msp430-elf/lib/crtn.o

.debug_pubnames
 *(.debug_pubnames)

.debug_info     0x00000000     0x3143
 *(.debug_info .gnu.linkonce.wi.*)
 .debug_info    0x00000000       0xce /opt/ti/mspgcc/bin/../lib/gcc/msp430-elf/4.9.1/../../../../msp430-elf/lib/crt0.o
 .debug_info    0x000000ce      0x30d /home/reviewer/src/apps/oopsla2017_artifact/ext/libmspprintf/bld/gcc/libmspprintf.a(printf.o)
 .debug_info    0x000003db      0x1e7 /home/reviewer/src/apps/oopsla2017_artifact/ext/libmspconsole/bld/gcc/libmspconsole.a(io.o)
 .debug_info    0x000005c2      0x3e3 /home/reviewer/src/apps/oopsla2017_artifact/ext/libwispbase/bld/gcc/libwispbase.a(uart.o)
 .debug_info    0x000009a5      0x853 /opt/ti/mspgcc/bin/../lib/gcc/msp430-elf/4.9.1/../../../../msp430-elf/lib/libc.a(lib_a-exit.o)
 .debug_info    0x000011f8      0x896 /opt/ti/mspgcc/bin/../lib/gcc/msp430-elf/4.9.1/../../../../msp430-elf/lib/libc.a(lib_a-impure.o)
 .debug_info    0x00001a8e      0x8d4 /opt/ti/mspgcc/bin/../lib/gcc/msp430-elf/4.9.1/../../../../msp430-elf/lib/libc.a(lib_a-__call_atexit.o)
 .debug_info    0x00002362       0xd2 /opt/ti/mspgcc/bin/../lib/gcc/msp430-elf/4.9.1/../../../../msp430-elf/lib/libcrt.a(crt_bss.o)
 .debug_info    0x00002434       0xd2 /opt/ti/mspgcc/bin/../lib/gcc/msp430-elf/4.9.1/../../../../msp430-elf/lib/libcrt.a(crt_movedata.o)
 .debug_info    0x00002506       0xd2 /opt/ti/mspgcc/bin/../lib/gcc/msp430-elf/4.9.1/../../../../msp430-elf/lib/libcrt.a(crt_main.o)
 .debug_info    0x000025d8       0xd8 /opt/ti/mspgcc/bin/../lib/gcc/msp430-elf/4.9.1/../../../../msp430-elf/lib/libnosys.a(nosyscalls.o)
 .debug_info    0x000026b0      0x7f8 /opt/ti/mspgcc/bin/../lib/gcc/msp430-elf/4.9.1/../../../../msp430-elf/lib/libc.a(lib_a-errno.o)
 .debug_info    0x00002ea8       0xfe /opt/ti/mspgcc/bin/../lib/gcc/msp430-elf/4.9.1/../../../../msp430-elf/lib/libc.a(lib_a-memmove.o)
 .debug_info    0x00002fa6       0xcf /opt/ti/mspgcc/bin/../lib/gcc/msp430-elf/4.9.1/../../../../msp430-elf/lib/libc.a(lib_a-memset.o)
 .debug_info    0x00003075       0xce /opt/ti/mspgcc/bin/../lib/gcc/msp430-elf/4.9.1/../../../../msp430-elf/lib/crtn.o

.debug_abbrev   0x00000000      0xb5b
 *(.debug_abbrev)
 .debug_abbrev  0x00000000       0x12 /opt/ti/mspgcc/bin/../lib/gcc/msp430-elf/4.9.1/../../../../msp430-elf/lib/crt0.o
 .debug_abbrev  0x00000012      0x174 /home/reviewer/src/apps/oopsla2017_artifact/ext/libmspprintf/bld/gcc/libmspprintf.a(printf.o)
 .debug_abbrev  0x00000186      0x100 /home/reviewer/src/apps/oopsla2017_artifact/ext/libmspconsole/bld/gcc/libmspconsole.a(io.o)
 .debug_abbrev  0x00000286      0x155 /home/reviewer/src/apps/oopsla2017_artifact/ext/libwispbase/bld/gcc/libwispbase.a(uart.o)
 .debug_abbrev  0x000003db      0x190 /opt/ti/mspgcc/bin/../lib/gcc/msp430-elf/4.9.1/../../../../msp430-elf/lib/libc.a(lib_a-exit.o)
 .debug_abbrev  0x0000056b      0x13b /opt/ti/mspgcc/bin/../lib/gcc/msp430-elf/4.9.1/../../../../msp430-elf/lib/libc.a(lib_a-impure.o)
 .debug_abbrev  0x000006a6      0x1f4 /opt/ti/mspgcc/bin/../lib/gcc/msp430-elf/4.9.1/../../../../msp430-elf/lib/libc.a(lib_a-__call_atexit.o)
 .debug_abbrev  0x0000089a       0x14 /opt/ti/mspgcc/bin/../lib/gcc/msp430-elf/4.9.1/../../../../msp430-elf/lib/libcrt.a(crt_bss.o)
 .debug_abbrev  0x000008ae       0x14 /opt/ti/mspgcc/bin/../lib/gcc/msp430-elf/4.9.1/../../../../msp430-elf/lib/libcrt.a(crt_movedata.o)
 .debug_abbrev  0x000008c2       0x14 /opt/ti/mspgcc/bin/../lib/gcc/msp430-elf/4.9.1/../../../../msp430-elf/lib/libcrt.a(crt_main.o)
 .debug_abbrev  0x000008d6       0x14 /opt/ti/mspgcc/bin/../lib/gcc/msp430-elf/4.9.1/../../../../msp430-elf/lib/libnosys.a(nosyscalls.o)
 .debug_abbrev  0x000008ea      0x139 /opt/ti/mspgcc/bin/../lib/gcc/msp430-elf/4.9.1/../../../../msp430-elf/lib/libc.a(lib_a-errno.o)
 .debug_abbrev  0x00000a23       0x9a /opt/ti/mspgcc/bin/../lib/gcc/msp430-elf/4.9.1/../../../../msp430-elf/lib/libc.a(lib_a-memmove.o)
 .debug_abbrev  0x00000abd       0x8c /opt/ti/mspgcc/bin/../lib/gcc/msp430-elf/4.9.1/../../../../msp430-elf/lib/libc.a(lib_a-memset.o)
 .debug_abbrev  0x00000b49       0x12 /opt/ti/mspgcc/bin/../lib/gcc/msp430-elf/4.9.1/../../../../msp430-elf/lib/crtn.o

.debug_line     0x00000000     0x1455
 *(.debug_line .debug_line.* .debug_line_end)
 .debug_line    0x00000000       0xff /opt/ti/mspgcc/bin/../lib/gcc/msp430-elf/4.9.1/../../../../msp430-elf/lib/crt0.o
 .debug_line    0x000000ff      0x237 /home/reviewer/src/apps/oopsla2017_artifact/ext/libmspprintf/bld/gcc/libmspprintf.a(printf.o)
 .debug_line    0x00000336      0x16d /home/reviewer/src/apps/oopsla2017_artifact/ext/libmspconsole/bld/gcc/libmspconsole.a(io.o)
 .debug_line    0x000004a3      0x37b /home/reviewer/src/apps/oopsla2017_artifact/ext/libwispbase/bld/gcc/libwispbase.a(uart.o)
 .debug_line    0x0000081e      0x190 /opt/ti/mspgcc/bin/../lib/gcc/msp430-elf/4.9.1/../../../../msp430-elf/lib/libc.a(lib_a-exit.o)
 .debug_line.text.exit
                0x000009ae       0x28 /opt/ti/mspgcc/bin/../lib/gcc/msp430-elf/4.9.1/../../../../msp430-elf/lib/libc.a(lib_a-exit.o)
 .debug_line_end
                0x000009d6        0x0 /opt/ti/mspgcc/bin/../lib/gcc/msp430-elf/4.9.1/../../../../msp430-elf/lib/libc.a(lib_a-exit.o)
 .debug_line    0x000009d6      0x12f /opt/ti/mspgcc/bin/../lib/gcc/msp430-elf/4.9.1/../../../../msp430-elf/lib/libc.a(lib_a-impure.o)
 .debug_line_end
                0x00000b05        0x0 /opt/ti/mspgcc/bin/../lib/gcc/msp430-elf/4.9.1/../../../../msp430-elf/lib/libc.a(lib_a-impure.o)
 .debug_line    0x00000b05      0x181 /opt/ti/mspgcc/bin/../lib/gcc/msp430-elf/4.9.1/../../../../msp430-elf/lib/libc.a(lib_a-__call_atexit.o)
 .debug_line.text.__call_exitprocs
                0x00000c86      0x11d /opt/ti/mspgcc/bin/../lib/gcc/msp430-elf/4.9.1/../../../../msp430-elf/lib/libc.a(lib_a-__call_atexit.o)
 .debug_line_end
                0x00000da3        0x0 /opt/ti/mspgcc/bin/../lib/gcc/msp430-elf/4.9.1/../../../../msp430-elf/lib/libc.a(lib_a-__call_atexit.o)
 .debug_line    0x00000da3       0x84 /opt/ti/mspgcc/bin/../lib/gcc/msp430-elf/4.9.1/../../../../msp430-elf/lib/libcrt.a(crt_bss.o)
 .debug_line    0x00000e27       0x90 /opt/ti/mspgcc/bin/../lib/gcc/msp430-elf/4.9.1/../../../../msp430-elf/lib/libcrt.a(crt_movedata.o)
 .debug_line    0x00000eb7       0x7e /opt/ti/mspgcc/bin/../lib/gcc/msp430-elf/4.9.1/../../../../msp430-elf/lib/libcrt.a(crt_main.o)
 .debug_line    0x00000f35       0xb3 /opt/ti/mspgcc/bin/../lib/gcc/msp430-elf/4.9.1/../../../../msp430-elf/lib/libnosys.a(nosyscalls.o)
 .debug_line    0x00000fe8      0x139 /opt/ti/mspgcc/bin/../lib/gcc/msp430-elf/4.9.1/../../../../msp430-elf/lib/libc.a(lib_a-errno.o)
 .debug_line.text.__errno
                0x00001121       0x16 /opt/ti/mspgcc/bin/../lib/gcc/msp430-elf/4.9.1/../../../../msp430-elf/lib/libc.a(lib_a-errno.o)
 .debug_line_end
                0x00001137        0x0 /opt/ti/mspgcc/bin/../lib/gcc/msp430-elf/4.9.1/../../../../msp430-elf/lib/libc.a(lib_a-errno.o)
 .debug_line    0x00001137      0x118 /opt/ti/mspgcc/bin/../lib/gcc/msp430-elf/4.9.1/../../../../msp430-elf/lib/libc.a(lib_a-memmove.o)
 .debug_line.text.memmove
                0x0000124f       0x40 /opt/ti/mspgcc/bin/../lib/gcc/msp430-elf/4.9.1/../../../../msp430-elf/lib/libc.a(lib_a-memmove.o)
 .debug_line_end
                0x0000128f        0x0 /opt/ti/mspgcc/bin/../lib/gcc/msp430-elf/4.9.1/../../../../msp430-elf/lib/libc.a(lib_a-memmove.o)
 .debug_line    0x0000128f      0x117 /opt/ti/mspgcc/bin/../lib/gcc/msp430-elf/4.9.1/../../../../msp430-elf/lib/libc.a(lib_a-memset.o)
 .debug_line.text.memset
                0x000013a6       0x22 /opt/ti/mspgcc/bin/../lib/gcc/msp430-elf/4.9.1/../../../../msp430-elf/lib/libc.a(lib_a-memset.o)
 .debug_line_end
                0x000013c8        0x0 /opt/ti/mspgcc/bin/../lib/gcc/msp430-elf/4.9.1/../../../../msp430-elf/lib/libc.a(lib_a-memset.o)
 .debug_line    0x000013c8       0x8d /opt/ti/mspgcc/bin/../lib/gcc/msp430-elf/4.9.1/../../../../msp430-elf/lib/crtn.o

.debug_frame    0x00000000      0x2d8
 *(.debug_frame)
 .debug_frame   0x00000000       0x90 /home/reviewer/src/apps/oopsla2017_artifact/ext/libmspprintf/bld/gcc/libmspprintf.a(printf.o)
 .debug_frame   0x00000090       0x7c /home/reviewer/src/apps/oopsla2017_artifact/ext/libmspconsole/bld/gcc/libmspconsole.a(io.o)
 .debug_frame   0x0000010c       0xe4 /home/reviewer/src/apps/oopsla2017_artifact/ext/libwispbase/bld/gcc/libwispbase.a(uart.o)
 .debug_frame   0x000001f0       0x30 /opt/ti/mspgcc/bin/../lib/gcc/msp430-elf/4.9.1/../../../../msp430-elf/lib/libc.a(lib_a-exit.o)
 .debug_frame   0x00000220       0x40 /opt/ti/mspgcc/bin/../lib/gcc/msp430-elf/4.9.1/../../../../msp430-elf/lib/libc.a(lib_a-__call_atexit.o)
 .debug_frame   0x00000260       0x24 /opt/ti/mspgcc/bin/../lib/gcc/msp430-elf/4.9.1/../../../../msp430-elf/lib/libc.a(lib_a-errno.o)
 .debug_frame   0x00000284       0x30 /opt/ti/mspgcc/bin/../lib/gcc/msp430-elf/4.9.1/../../../../msp430-elf/lib/libc.a(lib_a-memmove.o)
 .debug_frame   0x000002b4       0x24 /opt/ti/mspgcc/bin/../lib/gcc/msp430-elf/4.9.1/../../../../msp430-elf/lib/libc.a(lib_a-memset.o)

.debug_str      0x00000000      0xb0f
 *(.debug_str)
 .debug_str     0x00000000      0x1d1 /home/reviewer/src/apps/oopsla2017_artifact/ext/libmspprintf/bld/gcc/libmspprintf.a(printf.o)
                                0x217 (size before relaxing)
 .debug_str     0x000001d1       0x96 /home/reviewer/src/apps/oopsla2017_artifact/ext/libmspconsole/bld/gcc/libmspconsole.a(io.o)
                                0x1fe (size before relaxing)
 .debug_str     0x00000267      0x200 /home/reviewer/src/apps/oopsla2017_artifact/ext/libwispbase/bld/gcc/libwispbase.a(uart.o)
                                0x37c (size before relaxing)
 .debug_str     0x00000467      0x4a2 /opt/ti/mspgcc/bin/../lib/gcc/msp430-elf/4.9.1/../../../../msp430-elf/lib/libc.a(lib_a-exit.o)
                                0x570 (size before relaxing)
 .debug_str     0x00000909       0x90 /opt/ti/mspgcc/bin/../lib/gcc/msp430-elf/4.9.1/../../../../msp430-elf/lib/libc.a(lib_a-impure.o)
                                0x5a7 (size before relaxing)
 .debug_str     0x00000999       0x6e /opt/ti/mspgcc/bin/../lib/gcc/msp430-elf/4.9.1/../../../../msp430-elf/lib/libc.a(lib_a-__call_atexit.o)
                                0x594 (size before relaxing)
 .debug_str     0x00000a07       0x4c /opt/ti/mspgcc/bin/../lib/gcc/msp430-elf/4.9.1/../../../../msp430-elf/lib/libc.a(lib_a-errno.o)
                                0x550 (size before relaxing)
 .debug_str     0x00000a53       0x6f /opt/ti/mspgcc/bin/../lib/gcc/msp430-elf/4.9.1/../../../../msp430-elf/lib/libc.a(lib_a-memmove.o)
                                0x1b9 (size before relaxing)
 .debug_str     0x00000ac2       0x4d /opt/ti/mspgcc/bin/../lib/gcc/msp430-elf/4.9.1/../../../../msp430-elf/lib/libc.a(lib_a-memset.o)
                                0x19e (size before relaxing)

.debug_loc      0x00000000      0x8ef
 *(.debug_loc)
 .debug_loc     0x00000000      0x3b5 /home/reviewer/src/apps/oopsla2017_artifact/ext/libmspprintf/bld/gcc/libmspprintf.a(printf.o)
 .debug_loc     0x000003b5       0xbf /home/reviewer/src/apps/oopsla2017_artifact/ext/libmspconsole/bld/gcc/libmspconsole.a(io.o)
 .debug_loc     0x00000474      0x14c /home/reviewer/src/apps/oopsla2017_artifact/ext/libwispbase/bld/gcc/libwispbase.a(uart.o)
 .debug_loc     0x000005c0       0x1e /opt/ti/mspgcc/bin/../lib/gcc/msp430-elf/4.9.1/../../../../msp430-elf/lib/libc.a(lib_a-exit.o)
 .debug_loc     0x000005de       0xde /opt/ti/mspgcc/bin/../lib/gcc/msp430-elf/4.9.1/../../../../msp430-elf/lib/libc.a(lib_a-__call_atexit.o)
 .debug_loc     0x000006bc      0x1ac /opt/ti/mspgcc/bin/../lib/gcc/msp430-elf/4.9.1/../../../../msp430-elf/lib/libc.a(lib_a-memmove.o)
 .debug_loc     0x00000868       0x87 /opt/ti/mspgcc/bin/../lib/gcc/msp430-elf/4.9.1/../../../../msp430-elf/lib/libc.a(lib_a-memset.o)

.debug_macinfo
 *(.debug_macinfo)

.debug_weaknames
 *(.debug_weaknames)

.debug_funcnames
 *(.debug_funcnames)

.debug_typenames
 *(.debug_typenames)

.debug_varnames
 *(.debug_varnames)

.debug_pubtypes
 *(.debug_pubtypes)

.debug_ranges   0x00000000       0x98
 *(.debug_ranges)
 .debug_ranges  0x00000000       0x28 /opt/ti/mspgcc/bin/../lib/gcc/msp430-elf/4.9.1/../../../../msp430-elf/lib/crt0.o
 .debug_ranges  0x00000028       0x10 /opt/ti/mspgcc/bin/../lib/gcc/msp430-elf/4.9.1/../../../../msp430-elf/lib/libc.a(lib_a-exit.o)
 .debug_ranges  0x00000038       0x10 /opt/ti/mspgcc/bin/../lib/gcc/msp430-elf/4.9.1/../../../../msp430-elf/lib/libc.a(lib_a-__call_atexit.o)
 .debug_ranges  0x00000048       0x10 /opt/ti/mspgcc/bin/../lib/gcc/msp430-elf/4.9.1/../../../../msp430-elf/lib/libc.a(lib_a-errno.o)
 .debug_ranges  0x00000058       0x10 /opt/ti/mspgcc/bin/../lib/gcc/msp430-elf/4.9.1/../../../../msp430-elf/lib/libc.a(lib_a-memmove.o)
 .debug_ranges  0x00000068       0x10 /opt/ti/mspgcc/bin/../lib/gcc/msp430-elf/4.9.1/../../../../msp430-elf/lib/libc.a(lib_a-memset.o)
 .debug_ranges  0x00000078       0x20 /opt/ti/mspgcc/bin/../lib/gcc/msp430-elf/4.9.1/../../../../msp430-elf/lib/crtn.o

.debug_macro
 *(.debug_macro)

/DISCARD/
 *(.note.GNU-stack)
OUTPUT(cem.out elf32-msp430)
